12:00:01 **** Build of project SPI_bsp ****
make -k all 
"Running Make include in microblaze_0/libsrc/bram_v4_2/src"
make -C microblaze_0/libsrc/bram_v4_2/src -s include  "SHELL=CMD" "COMPILER=mb-gcc" "ARCHIVER=mb-ar" "COMPILER_FLAGS=  -O2 -c -mcpu=v11.0 -mlittle-endian -mxl-soft-mul" "EXTRA_COMPILER_FLAGS=-ffunction-sections -fdata-sections -Wall -Wextra"
"Running Make include in microblaze_0/libsrc/cpu_v2_8/src"
make -C microblaze_0/libsrc/cpu_v2_8/src -s include  "SHELL=CMD" "COMPILER=mb-gcc" "ARCHIVER=mb-ar" "COMPILER_FLAGS=  -O2 -c -mcpu=v11.0 -mlittle-endian -mxl-soft-mul" "EXTRA_COMPILER_FLAGS=-ffunction-sections -fdata-sections -Wall -Wextra"
"Running Make include in microblaze_0/libsrc/standalone_v6_8/src"
make -C microblaze_0/libsrc/standalone_v6_8/src -s include  "SHELL=CMD" "COMPILER=mb-gcc" "ARCHIVER=mb-ar" "COMPILER_FLAGS=  -O2 -c -mcpu=v11.0 -mlittle-endian -mxl-soft-mul" "EXTRA_COMPILER_FLAGS=-ffunction-sections -fdata-sections -Wall -Wextra"
"Running Make include in microblaze_0/libsrc/uartlite_v3_2/src"
make -C microblaze_0/libsrc/uartlite_v3_2/src -s include  "SHELL=CMD" "COMPILER=mb-gcc" "ARCHIVER=mb-ar" "COMPILER_FLAGS=  -O2 -c -mcpu=v11.0 -mlittle-endian -mxl-soft-mul" "EXTRA_COMPILER_FLAGS=-ffunction-sections -fdata-sections -Wall -Wextra"
"Running Make libs in microblaze_0/libsrc/bram_v4_2/src"
make -C microblaze_0/libsrc/bram_v4_2/src -s libs  "SHELL=CMD" "COMPILER=mb-gcc" "ARCHIVER=mb-ar" "COMPILER_FLAGS=  -O2 -c -mcpu=v11.0 -mlittle-endian -mxl-soft-mul" "EXTRA_COMPILER_FLAGS=-ffunction-sections -fdata-sections -Wall -Wextra"
"Compiling bram"
mb-ar: creating ../../../lib/libxil.a
"Running Make libs in microblaze_0/libsrc/cpu_v2_8/src"
make -C microblaze_0/libsrc/cpu_v2_8/src -s libs  "SHELL=CMD" "COMPILER=mb-gcc" "ARCHIVER=mb-ar" "COMPILER_FLAGS=  -O2 -c -mcpu=v11.0 -mlittle-endian -mxl-soft-mul" "EXTRA_COMPILER_FLAGS=-ffunction-sections -fdata-sections -Wall -Wextra"
"Compiling cpu"
"Running Make libs in microblaze_0/libsrc/standalone_v6_8/src"
make -C microblaze_0/libsrc/standalone_v6_8/src -s libs  "SHELL=CMD" "COMPILER=mb-gcc" "ARCHIVER=mb-ar" "COMPILER_FLAGS=  -O2 -c -mcpu=v11.0 -mlittle-endian -mxl-soft-mul" "EXTRA_COMPILER_FLAGS=-ffunction-sections -fdata-sections -Wall -Wextra"
"Compiling standalone";
microblaze_sleep.c:77:9: note: #pragma message: For the sleep routines, assembly instructions are used
 #pragma message ("For the sleep routines, assembly instructions are used")
         ^~~~~~~
"Running Make libs in microblaze_0/libsrc/uartlite_v3_2/src"
make -C microblaze_0/libsrc/uartlite_v3_2/src -s libs  "SHELL=CMD" "COMPILER=mb-gcc" "ARCHIVER=mb-ar" "COMPILER_FLAGS=  -O2 -c -mcpu=v11.0 -mlittle-endian -mxl-soft-mul" "EXTRA_COMPILER_FLAGS=-ffunction-sections -fdata-sections -Wall -Wextra"
"Compiling uartlite"
'Finished building libraries'
12:00:08 **** Build of configuration Debug for project SPI ****
make all 
'Building file: ../src/helloworld.c'
'Invoking: MicroBlaze gcc compiler'
mb-gcc -Wall -O0 -g3 -c -fmessage-length=0 -MT"src/helloworld.o" -I../../SPI_bsp/microblaze_0/include -mlittle-endian -mcpu=v11.0 -mxl-soft-mul -Wl,--no-relax -ffunction-sections -fdata-sections -MMD -MP -MF"src/helloworld.d" -MT"src/helloworld.o" -o "src/helloworld.o" "../src/helloworld.c"
'Finished building: ../src/helloworld.c'
' '
'Building file: ../src/platform.c'
'Invoking: MicroBlaze gcc compiler'
mb-gcc -Wall -O0 -g3 -c -fmessage-length=0 -MT"src/platform.o" -I../../SPI_bsp/microblaze_0/include -mlittle-endian -mcpu=v11.0 -mxl-soft-mul -Wl,--no-relax -ffunction-sections -fdata-sections -MMD -MP -MF"src/platform.d" -MT"src/platform.o" -o "src/platform.o" "../src/platform.c"
'Finished building: ../src/platform.c'
' '
'Building target: SPI.elf'
'Invoking: MicroBlaze gcc linker'
mb-gcc -Wl,-T -Wl,../src/lscript.ld -L../../SPI_bsp/microblaze_0/lib -mlittle-endian -mcpu=v11.0 -mxl-soft-mul -Wl,--no-relax -Wl,--gc-sections -o "SPI.elf"  ./src/helloworld.o ./src/platform.o   -Wl,--start-group,-lxil,-lgcc,-lc,--end-group
'Finished building target: SPI.elf'
' '
'Invoking: MicroBlaze Print Size'
mb-size SPI.elf  |tee "SPI.elf.size"
   text	   data	    bss	    dec	    hex	filename
   2712	    268	   3108	   6088	   17c8	SPI.elf
'Finished building: SPI.elf.size'
' '
12:00:43 **** Incremental Build of configuration Debug for project SPI ****
make all 
make: Nothing to be done for 'all'.
12:15:23 **** Incremental Build of configuration Debug for project SPI ****
make all 
'Building file: ../src/helloworld.c'
'Invoking: MicroBlaze gcc compiler'
mb-gcc -Wall -O0 -g3 -c -fmessage-length=0 -MT"src/helloworld.o" -I../../SPI_bsp/microblaze_0/include -mlittle-endian -mcpu=v11.0 -mxl-soft-mul -Wl,--no-relax -ffunction-sections -fdata-sections -MMD -MP -MF"src/helloworld.d" -MT"src/helloworld.o" -o "src/helloworld.o" "../src/helloworld.c"
../src/helloworld.c:50:10: fatal error: xil_printf.h: No such file or directory
 #include "xil_printf.h"
          ^~~~~~~~~~~~~~
compilation terminated.
make: *** [src/subdir.mk:26: src/helloworld.o] Error 1
12:15:38 **** Auto Build of configuration Debug for project SPI ****
make all 
'Building file: ../src/helloworld.c'
'Invoking: MicroBlaze gcc compiler'
mb-gcc -Wall -O0 -g3 -c -fmessage-length=0 -MT"src/helloworld.o" -I../../SPI_bsp/microblaze_0/include -mlittle-endian -mcpu=v11.0 -mxl-soft-mul -Wl,--no-relax -ffunction-sections -fdata-sections -MMD -MP -MF"src/helloworld.d" -MT"src/helloworld.o" -o "src/helloworld.o" "../src/helloworld.c"
../src/helloworld.c:50:10: fatal error: xil_printf.h: No such file or directory
 #include "xil_printf.h"
          ^~~~~~~~~~~~~~
compilation terminated.
make: *** [src/subdir.mk:26: src/helloworld.o] Error 1
12:16:03 **** Incremental Build of configuration Debug for project SPI ****
make all 
'Building file: ../src/helloworld.c'
'Invoking: MicroBlaze gcc compiler'
mb-gcc -Wall -O0 -g3 -c -fmessage-length=0 -MT"src/helloworld.o" -I../../SPI_bsp/microblaze_0/include -mlittle-endian -mcpu=v11.0 -mxl-soft-mul -Wl,--no-relax -ffunction-sections -fdata-sections -MMD -MP -MF"src/helloworld.d" -MT"src/helloworld.o" -o "src/helloworld.o" "../src/helloworld.c"
../src/helloworld.c:50:10: fatal error: xil_printf.h: No such file or directory
 #include "xil_printf.h"
          ^~~~~~~~~~~~~~
compilation terminated.
make: *** [src/subdir.mk:26: src/helloworld.o] Error 1
12:16:51 **** Incremental Build of configuration Debug for project SPI ****
make all 
'Building file: ../src/helloworld.c'
'Invoking: MicroBlaze gcc compiler'
mb-gcc -Wall -O0 -g3 -c -fmessage-length=0 -MT"src/helloworld.o" -I../../SPI_bsp/microblaze_0/include -mlittle-endian -mcpu=v11.0 -mxl-soft-mul -Wl,--no-relax -ffunction-sections -fdata-sections -MMD -MP -MF"src/helloworld.d" -MT"src/helloworld.o" -o "src/helloworld.o" "../src/helloworld.c"
../src/helloworld.c:50:10: fatal error: xil_printf.h: No such file or directory
 #include "xil_printf.h"
          ^~~~~~~~~~~~~~
compilation terminated.
make: *** [src/subdir.mk:26: src/helloworld.o] Error 1
12:17:29 **** Incremental Build of configuration Debug for project SPI ****
make all 
'Building file: ../src/helloworld.c'
'Invoking: MicroBlaze gcc compiler'
mb-gcc -Wall -O0 -g3 -c -fmessage-length=0 -MT"src/helloworld.o" -I../../SPI_bsp/microblaze_0/include -mlittle-endian -mcpu=v11.0 -mxl-soft-mul -Wl,--no-relax -ffunction-sections -fdata-sections -MMD -MP -MF"src/helloworld.d" -MT"src/helloworld.o" -o "src/helloworld.o" "../src/helloworld.c"
../src/helloworld.c:50:10: fatal error: xil_printf.h: No such file or directory
 #include "xil_printf.h"
          ^~~~~~~~~~~~~~
compilation terminated.
make: *** [src/subdir.mk:26: src/helloworld.o] Error 1
12:17:43 **** Incremental Build of configuration Debug for project SPI ****
make all 
'Building file: ../src/helloworld.c'
'Invoking: MicroBlaze gcc compiler'
mb-gcc -Wall -O0 -g3 -c -fmessage-length=0 -MT"src/helloworld.o" -I../../SPI_bsp/microblaze_0/include -mlittle-endian -mcpu=v11.0 -mxl-soft-mul -Wl,--no-relax -ffunction-sections -fdata-sections -MMD -MP -MF"src/helloworld.d" -MT"src/helloworld.o" -o "src/helloworld.o" "../src/helloworld.c"
../src/helloworld.c:50:10: fatal error: xil_printf.h: No such file or directory
 #include "xil_printf.h"
          ^~~~~~~~~~~~~~
compilation terminated.
make: *** [src/subdir.mk:26: src/helloworld.o] Error 1
12:18:05 **** Incremental Build of configuration Debug for project SPI ****
make all 
'Building file: ../src/helloworld.c'
'Invoking: MicroBlaze gcc compiler'
mb-gcc -Wall -O0 -g3 -c -fmessage-length=0 -MT"src/helloworld.o" -I../../SPI_bsp/microblaze_0/include -mlittle-endian -mcpu=v11.0 -mxl-soft-mul -Wl,--no-relax -ffunction-sections -fdata-sections -MMD -MP -MF"src/helloworld.d" -MT"src/helloworld.o" -o "src/helloworld.o" "../src/helloworld.c"
../src/helloworld.c:50:10: fatal error: xil_printf.h: No such file or directory
 #include "xil_printf.h"
          ^~~~~~~~~~~~~~
compilation terminated.
make: *** [src/subdir.mk:26: src/helloworld.o] Error 1
12:18:56 **** Incremental Build of configuration Debug for project SPI ****
make all 
'Building file: ../src/helloworld.c'
'Invoking: MicroBlaze gcc compiler'
mb-gcc -Wall -O0 -g3 -c -fmessage-length=0 -MT"src/helloworld.o" -I../../SPI_bsp/microblaze_0/include -mlittle-endian -mcpu=v11.0 -mxl-soft-mul -Wl,--no-relax -ffunction-sections -fdata-sections -MMD -MP -MF"src/helloworld.d" -MT"src/helloworld.o" -o "src/helloworld.o" "../src/helloworld.c"
../src/helloworld.c:50:10: fatal error: xil_printf.h: No such file or directory
 #include "xil_printf.h"
          ^~~~~~~~~~~~~~
compilation terminated.
make: *** [src/subdir.mk:26: src/helloworld.o] Error 1
12:19:24 **** Incremental Build of configuration Debug for project SPI ****
make all 
'Building file: ../src/helloworld.c'
'Invoking: MicroBlaze gcc compiler'
mb-gcc -Wall -O0 -g3 -c -fmessage-length=0 -MT"src/helloworld.o" -I../../SPI_bsp/microblaze_0/include -mlittle-endian -mcpu=v11.0 -mxl-soft-mul -Wl,--no-relax -ffunction-sections -fdata-sections -MMD -MP -MF"src/helloworld.d" -MT"src/helloworld.o" -o "src/helloworld.o" "../src/helloworld.c"
../src/helloworld.c:50:10: fatal error: xil_printf.h: No such file or directory
 #include "xil_printf.h"
          ^~~~~~~~~~~~~~
compilation terminated.
make: *** [src/subdir.mk:26: src/helloworld.o] Error 1
12:21:29 **** Build of project SPIswitch_bsp ****
make -k all 
"Running Make include in microblaze_0/libsrc/bram_v4_2/src"
make -C microblaze_0/libsrc/bram_v4_2/src -s include  "SHELL=CMD" "COMPILER=mb-gcc" "ARCHIVER=mb-ar" "COMPILER_FLAGS=  -O2 -c -mcpu=v11.0 -mlittle-endian -mxl-soft-mul" "EXTRA_COMPILER_FLAGS=-ffunction-sections -fdata-sections -Wall -Wextra"
"Running Make include in microblaze_0/libsrc/cpu_v2_8/src"
make -C microblaze_0/libsrc/cpu_v2_8/src -s include  "SHELL=CMD" "COMPILER=mb-gcc" "ARCHIVER=mb-ar" "COMPILER_FLAGS=  -O2 -c -mcpu=v11.0 -mlittle-endian -mxl-soft-mul" "EXTRA_COMPILER_FLAGS=-ffunction-sections -fdata-sections -Wall -Wextra"
"Running Make include in microblaze_0/libsrc/spi_v4_4/src"
make -C microblaze_0/libsrc/spi_v4_4/src -s include  "SHELL=CMD" "COMPILER=mb-gcc" "ARCHIVER=mb-ar" "COMPILER_FLAGS=  -O2 -c -mcpu=v11.0 -mlittle-endian -mxl-soft-mul" "EXTRA_COMPILER_FLAGS=-ffunction-sections -fdata-sections -Wall -Wextra"
"Running Make include in microblaze_0/libsrc/standalone_v6_8/src"
make -C microblaze_0/libsrc/standalone_v6_8/src -s include  "SHELL=CMD" "COMPILER=mb-gcc" "ARCHIVER=mb-ar" "COMPILER_FLAGS=  -O2 -c -mcpu=v11.0 -mlittle-endian -mxl-soft-mul" "EXTRA_COMPILER_FLAGS=-ffunction-sections -fdata-sections -Wall -Wextra"
"Running Make include in microblaze_0/libsrc/uartlite_v3_2/src"
make -C microblaze_0/libsrc/uartlite_v3_2/src -s include  "SHELL=CMD" "COMPILER=mb-gcc" "ARCHIVER=mb-ar" "COMPILER_FLAGS=  -O2 -c -mcpu=v11.0 -mlittle-endian -mxl-soft-mul" "EXTRA_COMPILER_FLAGS=-ffunction-sections -fdata-sections -Wall -Wextra"
"Running Make libs in microblaze_0/libsrc/bram_v4_2/src"
make -C microblaze_0/libsrc/bram_v4_2/src -s libs  "SHELL=CMD" "COMPILER=mb-gcc" "ARCHIVER=mb-ar" "COMPILER_FLAGS=  -O2 -c -mcpu=v11.0 -mlittle-endian -mxl-soft-mul" "EXTRA_COMPILER_FLAGS=-ffunction-sections -fdata-sections -Wall -Wextra"
"Compiling bram"
mb-ar: creating ../../../lib/libxil.a
"Running Make libs in microblaze_0/libsrc/cpu_v2_8/src"
make -C microblaze_0/libsrc/cpu_v2_8/src -s libs  "SHELL=CMD" "COMPILER=mb-gcc" "ARCHIVER=mb-ar" "COMPILER_FLAGS=  -O2 -c -mcpu=v11.0 -mlittle-endian -mxl-soft-mul" "EXTRA_COMPILER_FLAGS=-ffunction-sections -fdata-sections -Wall -Wextra"
"Compiling cpu"
"Running Make libs in microblaze_0/libsrc/spi_v4_4/src"
make -C microblaze_0/libsrc/spi_v4_4/src -s libs  "SHELL=CMD" "COMPILER=mb-gcc" "ARCHIVER=mb-ar" "COMPILER_FLAGS=  -O2 -c -mcpu=v11.0 -mlittle-endian -mxl-soft-mul" "EXTRA_COMPILER_FLAGS=-ffunction-sections -fdata-sections -Wall -Wextra"
"Compiling spi"
"Running Make libs in microblaze_0/libsrc/standalone_v6_8/src"
make -C microblaze_0/libsrc/standalone_v6_8/src -s libs  "SHELL=CMD" "COMPILER=mb-gcc" "ARCHIVER=mb-ar" "COMPILER_FLAGS=  -O2 -c -mcpu=v11.0 -mlittle-endian -mxl-soft-mul" "EXTRA_COMPILER_FLAGS=-ffunction-sections -fdata-sections -Wall -Wextra"
"Compiling standalone";
microblaze_sleep.c:77:9: note: #pragma message: For the sleep routines, assembly instructions are used
 #pragma message ("For the sleep routines, assembly instructions are used")
         ^~~~~~~
"Running Make libs in microblaze_0/libsrc/uartlite_v3_2/src"
make -C microblaze_0/libsrc/uartlite_v3_2/src -s libs  "SHELL=CMD" "COMPILER=mb-gcc" "ARCHIVER=mb-ar" "COMPILER_FLAGS=  -O2 -c -mcpu=v11.0 -mlittle-endian -mxl-soft-mul" "EXTRA_COMPILER_FLAGS=-ffunction-sections -fdata-sections -Wall -Wextra"
"Compiling uartlite"
'Finished building libraries'
12:21:36 **** Build of configuration Debug for project SPIswitch ****
make all 
'Building file: ../src/helloworld.c'
'Invoking: MicroBlaze gcc compiler'
mb-gcc -Wall -O0 -g3 -c -fmessage-length=0 -MT"src/helloworld.o" -I../../SPIswitch_bsp/microblaze_0/include -mlittle-endian -mcpu=v11.0 -mxl-soft-mul -Wl,--no-relax -ffunction-sections -fdata-sections -MMD -MP -MF"src/helloworld.d" -MT"src/helloworld.o" -o "src/helloworld.o" "../src/helloworld.c"
'Finished building: ../src/helloworld.c'
' '
'Building file: ../src/platform.c'
'Invoking: MicroBlaze gcc compiler'
mb-gcc -Wall -O0 -g3 -c -fmessage-length=0 -MT"src/platform.o" -I../../SPIswitch_bsp/microblaze_0/include -mlittle-endian -mcpu=v11.0 -mxl-soft-mul -Wl,--no-relax -ffunction-sections -fdata-sections -MMD -MP -MF"src/platform.d" -MT"src/platform.o" -o "src/platform.o" "../src/platform.c"
'Finished building: ../src/platform.c'
' '
'Building target: SPIswitch.elf'
'Invoking: MicroBlaze gcc linker'
mb-gcc -Wl,-T -Wl,../src/lscript.ld -L../../SPIswitch_bsp/microblaze_0/lib -mlittle-endian -mcpu=v11.0 -mxl-soft-mul -Wl,--no-relax -Wl,--gc-sections -o "SPIswitch.elf"  ./src/helloworld.o ./src/platform.o   -Wl,--start-group,-lxil,-lgcc,-lc,--end-group
'Finished building target: SPIswitch.elf'
' '
'Invoking: MicroBlaze Print Size'
mb-size SPIswitch.elf  |tee "SPIswitch.elf.size"
   text	   data	    bss	    dec	    hex	filename
   2712	    268	   3108	   6088	   17c8	SPIswitch.elf
'Finished building: SPIswitch.elf.size'
' '
12:22:53 **** Auto Build of configuration Debug for project SPIswitch ****
make all 
'Building file: ../src/helloworld.c'
'Invoking: MicroBlaze gcc compiler'
mb-gcc -Wall -O0 -g3 -c -fmessage-length=0 -MT"src/helloworld.o" -I../../SPIswitch_bsp/microblaze_0/include -mlittle-endian -mcpu=v11.0 -mxl-soft-mul -Wl,--no-relax -ffunction-sections -fdata-sections -MMD -MP -MF"src/helloworld.d" -MT"src/helloworld.o" -o "src/helloworld.o" "../src/helloworld.c"
../src/helloworld.c: In function 'main':
../src/helloworld.c:71:6: warning: variable 'Status' set but not used [-Wunused-but-set-variable]
  int Status;
      ^~~~~~
../src/helloworld.c: At top level:
../src/helloworld.c:62:12: warning: 'SpiSelfTestExample' declared 'static' but never defined [-Wunused-function]
 static int SpiSelfTestExample(u16 DeviceId);
            ^~~~~~~~~~~~~~~~~~
'Finished building: ../src/helloworld.c'
' '
'Building target: SPIswitch.elf'
'Invoking: MicroBlaze gcc linker'
mb-gcc -Wl,-T -Wl,../src/lscript.ld -L../../SPIswitch_bsp/microblaze_0/lib -mlittle-endian -mcpu=v11.0 -mxl-soft-mul -Wl,--no-relax -Wl,--gc-sections -o "SPIswitch.elf"  ./src/helloworld.o ./src/platform.o   -Wl,--start-group,-lxil,-lgcc,-lc,--end-group
'Finished building target: SPIswitch.elf'
' '
'Invoking: MicroBlaze Print Size'
mb-size SPIswitch.elf  |tee "SPIswitch.elf.size"
   text	   data	    bss	    dec	    hex	filename
   9372	    304	   3236	  12912	   3270	SPIswitch.elf
'Finished building: SPIswitch.elf.size'
' '
12:24:11 **** Auto Build of configuration Debug for project SPIswitch ****
make all 
'Building file: ../src/helloworld.c'
'Invoking: MicroBlaze gcc compiler'
mb-gcc -Wall -O0 -g3 -c -fmessage-length=0 -MT"src/helloworld.o" -I../../SPIswitch_bsp/microblaze_0/include -mlittle-endian -mcpu=v11.0 -mxl-soft-mul -Wl,--no-relax -ffunction-sections -fdata-sections -MMD -MP -MF"src/helloworld.d" -MT"src/helloworld.o" -o "src/helloworld.o" "../src/helloworld.c"
'Finished building: ../src/helloworld.c'
' '
'Building target: SPIswitch.elf'
'Invoking: MicroBlaze gcc linker'
mb-gcc -Wl,-T -Wl,../src/lscript.ld -L../../SPIswitch_bsp/microblaze_0/lib -mlittle-endian -mcpu=v11.0 -mxl-soft-mul -Wl,--no-relax -Wl,--gc-sections -o "SPIswitch.elf"  ./src/helloworld.o ./src/platform.o   -Wl,--start-group,-lxil,-lgcc,-lc,--end-group
'Finished building target: SPIswitch.elf'
' '
'Invoking: MicroBlaze Print Size'
mb-size SPIswitch.elf  |tee "SPIswitch.elf.size"
   text	   data	    bss	    dec	    hex	filename
   2712	    268	   3108	   6088	   17c8	SPIswitch.elf
'Finished building: SPIswitch.elf.size'
' '
12:26:45 **** Build of project SPI_bsp ****
make -k all 
"Running Make include in microblaze_0/libsrc/bram_v4_2/src"
make -C microblaze_0/libsrc/bram_v4_2/src -s include  "SHELL=CMD" "COMPILER=mb-gcc" "ARCHIVER=mb-ar" "COMPILER_FLAGS=  -O2 -c -mcpu=v11.0 -mlittle-endian -mxl-soft-mul" "EXTRA_COMPILER_FLAGS=-ffunction-sections -fdata-sections -Wall -Wextra"
"Running Make include in microblaze_0/libsrc/cpu_v2_8/src"
make -C microblaze_0/libsrc/cpu_v2_8/src -s include  "SHELL=CMD" "COMPILER=mb-gcc" "ARCHIVER=mb-ar" "COMPILER_FLAGS=  -O2 -c -mcpu=v11.0 -mlittle-endian -mxl-soft-mul" "EXTRA_COMPILER_FLAGS=-ffunction-sections -fdata-sections -Wall -Wextra"
"Running Make include in microblaze_0/libsrc/spi_v4_4/src"
make -C microblaze_0/libsrc/spi_v4_4/src -s include  "SHELL=CMD" "COMPILER=mb-gcc" "ARCHIVER=mb-ar" "COMPILER_FLAGS=  -O2 -c -mcpu=v11.0 -mlittle-endian -mxl-soft-mul" "EXTRA_COMPILER_FLAGS=-ffunction-sections -fdata-sections -Wall -Wextra"
"Running Make include in microblaze_0/libsrc/standalone_v6_8/src"
make -C microblaze_0/libsrc/standalone_v6_8/src -s include  "SHELL=CMD" "COMPILER=mb-gcc" "ARCHIVER=mb-ar" "COMPILER_FLAGS=  -O2 -c -mcpu=v11.0 -mlittle-endian -mxl-soft-mul" "EXTRA_COMPILER_FLAGS=-ffunction-sections -fdata-sections -Wall -Wextra"
"Running Make include in microblaze_0/libsrc/uartlite_v3_2/src"
make -C microblaze_0/libsrc/uartlite_v3_2/src -s include  "SHELL=CMD" "COMPILER=mb-gcc" "ARCHIVER=mb-ar" "COMPILER_FLAGS=  -O2 -c -mcpu=v11.0 -mlittle-endian -mxl-soft-mul" "EXTRA_COMPILER_FLAGS=-ffunction-sections -fdata-sections -Wall -Wextra"
"Running Make libs in microblaze_0/libsrc/bram_v4_2/src"
make -C microblaze_0/libsrc/bram_v4_2/src -s libs  "SHELL=CMD" "COMPILER=mb-gcc" "ARCHIVER=mb-ar" "COMPILER_FLAGS=  -O2 -c -mcpu=v11.0 -mlittle-endian -mxl-soft-mul" "EXTRA_COMPILER_FLAGS=-ffunction-sections -fdata-sections -Wall -Wextra"
"Compiling bram"
mb-ar: creating ../../../lib/libxil.a
"Running Make libs in microblaze_0/libsrc/cpu_v2_8/src"
make -C microblaze_0/libsrc/cpu_v2_8/src -s libs  "SHELL=CMD" "COMPILER=mb-gcc" "ARCHIVER=mb-ar" "COMPILER_FLAGS=  -O2 -c -mcpu=v11.0 -mlittle-endian -mxl-soft-mul" "EXTRA_COMPILER_FLAGS=-ffunction-sections -fdata-sections -Wall -Wextra"
"Compiling cpu"
"Running Make libs in microblaze_0/libsrc/spi_v4_4/src"
make -C microblaze_0/libsrc/spi_v4_4/src -s libs  "SHELL=CMD" "COMPILER=mb-gcc" "ARCHIVER=mb-ar" "COMPILER_FLAGS=  -O2 -c -mcpu=v11.0 -mlittle-endian -mxl-soft-mul" "EXTRA_COMPILER_FLAGS=-ffunction-sections -fdata-sections -Wall -Wextra"
"Compiling spi"
"Running Make libs in microblaze_0/libsrc/standalone_v6_8/src"
make -C microblaze_0/libsrc/standalone_v6_8/src -s libs  "SHELL=CMD" "COMPILER=mb-gcc" "ARCHIVER=mb-ar" "COMPILER_FLAGS=  -O2 -c -mcpu=v11.0 -mlittle-endian -mxl-soft-mul" "EXTRA_COMPILER_FLAGS=-ffunction-sections -fdata-sections -Wall -Wextra"
"Compiling standalone";
microblaze_sleep.c:77:9: note: #pragma message: For the sleep routines, assembly instructions are used
 #pragma message ("For the sleep routines, assembly instructions are used")
         ^~~~~~~
"Running Make libs in microblaze_0/libsrc/uartlite_v3_2/src"
make -C microblaze_0/libsrc/uartlite_v3_2/src -s libs  "SHELL=CMD" "COMPILER=mb-gcc" "ARCHIVER=mb-ar" "COMPILER_FLAGS=  -O2 -c -mcpu=v11.0 -mlittle-endian -mxl-soft-mul" "EXTRA_COMPILER_FLAGS=-ffunction-sections -fdata-sections -Wall -Wextra"
"Compiling uartlite"
'Finished building libraries'
12:26:53 **** Build of configuration Debug for project SPI ****
make all 
'Building file: ../src/helloworld.c'
'Invoking: MicroBlaze gcc compiler'
mb-gcc -Wall -O0 -g3 -c -fmessage-length=0 -MT"src/helloworld.o" -I../../SPI_bsp/microblaze_0/include -mlittle-endian -mcpu=v11.0 -mxl-soft-mul -Wl,--no-relax -ffunction-sections -fdata-sections -MMD -MP -MF"src/helloworld.d" -MT"src/helloworld.o" -o "src/helloworld.o" "../src/helloworld.c"
'Finished building: ../src/helloworld.c'
' '
'Building file: ../src/platform.c'
'Invoking: MicroBlaze gcc compiler'
mb-gcc -Wall -O0 -g3 -c -fmessage-length=0 -MT"src/platform.o" -I../../SPI_bsp/microblaze_0/include -mlittle-endian -mcpu=v11.0 -mxl-soft-mul -Wl,--no-relax -ffunction-sections -fdata-sections -MMD -MP -MF"src/platform.d" -MT"src/platform.o" -o "src/platform.o" "../src/platform.c"
'Finished building: ../src/platform.c'
' '
'Building target: SPI.elf'
'Invoking: MicroBlaze gcc linker'
mb-gcc -Wl,-T -Wl,../src/lscript.ld -L../../SPI_bsp/microblaze_0/lib -mlittle-endian -mcpu=v11.0 -mxl-soft-mul -Wl,--no-relax -Wl,--gc-sections -o "SPI.elf"  ./src/helloworld.o ./src/platform.o   -Wl,--start-group,-lxil,-lgcc,-lc,--end-group
'Finished building target: SPI.elf'
' '
'Invoking: MicroBlaze Print Size'
mb-size SPI.elf  |tee "SPI.elf.size"
   text	   data	    bss	    dec	    hex	filename
   2712	    268	   3108	   6088	   17c8	SPI.elf
'Finished building: SPI.elf.size'
' '
12:27:18 **** Auto Build of configuration Debug for project SPI ****
make all 
'Building file: ../src/helloworld.c'
'Invoking: MicroBlaze gcc compiler'
mb-gcc -Wall -O0 -g3 -c -fmessage-length=0 -MT"src/helloworld.o" -I../../SPI_bsp/microblaze_0/include -mlittle-endian -mcpu=v11.0 -mxl-soft-mul -Wl,--no-relax -ffunction-sections -fdata-sections -MMD -MP -MF"src/helloworld.d" -MT"src/helloworld.o" -o "src/helloworld.o" "../src/helloworld.c"
'Finished building: ../src/helloworld.c'
' '
'Building target: SPI.elf'
'Invoking: MicroBlaze gcc linker'
mb-gcc -Wl,-T -Wl,../src/lscript.ld -L../../SPI_bsp/microblaze_0/lib -mlittle-endian -mcpu=v11.0 -mxl-soft-mul -Wl,--no-relax -Wl,--gc-sections -o "SPI.elf"  ./src/helloworld.o ./src/platform.o   -Wl,--start-group,-lxil,-lgcc,-lc,--end-group
'Finished building target: SPI.elf'
' '
'Invoking: MicroBlaze Print Size'
mb-size SPI.elf  |tee "SPI.elf.size"
   text	   data	    bss	    dec	    hex	filename
   2340	    268	   3112	   5720	   1658	SPI.elf
'Finished building: SPI.elf.size'
' '
12:27:40 **** Incremental Build of configuration Debug for project SPI ****
make all 
make: Nothing to be done for 'all'.
12:28:33 **** Auto Build of configuration Debug for project SPI ****
make all 
'Building file: ../src/helloworld.c'
'Invoking: MicroBlaze gcc compiler'
mb-gcc -Wall -O0 -g3 -c -fmessage-length=0 -MT"src/helloworld.o" -I../../SPI_bsp/microblaze_0/include -mlittle-endian -mcpu=v11.0 -mxl-soft-mul -Wl,--no-relax -ffunction-sections -fdata-sections -MMD -MP -MF"src/helloworld.d" -MT"src/helloworld.o" -o "src/helloworld.o" "../src/helloworld.c"
../src/helloworld.c: In function 'main':
../src/helloworld.c:71:6: warning: variable 'Status' set but not used [-Wunused-but-set-variable]
  int Status;
      ^~~~~~
../src/helloworld.c: At top level:
../src/helloworld.c:62:12: warning: 'SpiSelfTestExample' declared 'static' but never defined [-Wunused-function]
 static int SpiSelfTestExample(u16 DeviceId);
            ^~~~~~~~~~~~~~~~~~
'Finished building: ../src/helloworld.c'
' '
'Building target: SPI.elf'
'Invoking: MicroBlaze gcc linker'
mb-gcc -Wl,-T -Wl,../src/lscript.ld -L../../SPI_bsp/microblaze_0/lib -mlittle-endian -mcpu=v11.0 -mxl-soft-mul -Wl,--no-relax -Wl,--gc-sections -o "SPI.elf"  ./src/helloworld.o ./src/platform.o   -Wl,--start-group,-lxil,-lgcc,-lc,--end-group
'Finished building target: SPI.elf'
' '
'Invoking: MicroBlaze Print Size'
mb-size SPI.elf  |tee "SPI.elf.size"
   text	   data	    bss	    dec	    hex	filename
   9372	    304	   3236	  12912	   3270	SPI.elf
'Finished building: SPI.elf.size'
' '
12:28:57 **** Incremental Build of configuration Debug for project SPI ****
make all 
make: Nothing to be done for 'all'.
12:38:48 **** Auto Build of configuration Debug for project SPI ****
make all 
'Building file: ../src/helloworld.c'
'Invoking: MicroBlaze gcc compiler'
mb-gcc -Wall -O0 -g3 -c -fmessage-length=0 -MT"src/helloworld.o" -I../../SPI_bsp/microblaze_0/include -mlittle-endian -mcpu=v11.0 -mxl-soft-mul -Wl,--no-relax -ffunction-sections -fdata-sections -MMD -MP -MF"src/helloworld.d" -MT"src/helloworld.o" -o "src/helloworld.o" "../src/helloworld.c"
../src/helloworld.c: In function 'main':
../src/helloworld.c:93:9: error: 'WriteBUffer' undeclared (first use in this function); did you mean 'WriteBuffer'?
         WriteBUffer[0] = 0xC6;
         ^~~~~~~~~~~
         WriteBuffer
../src/helloworld.c:93:9: note: each undeclared identifier is reported only once for each function it appears in
../src/helloworld.c:95:9: warning: implicit declaration of function 'Xspi_Transfer'; did you mean 'XSpi_Transfer'? [-Wimplicit-function-declaration]
         Xspi_Transfer(&SpiInstance, WriteBuffer, ReadBUffer, 2);
         ^~~~~~~~~~~~~
         XSpi_Transfer
../src/helloworld.c:95:50: error: 'ReadBUffer' undeclared (first use in this function); did you mean 'ReadBuffer'?
         Xspi_Transfer(&SpiInstance, WriteBuffer, ReadBUffer, 2);
                                                  ^~~~~~~~~~
                                                  ReadBuffer
../src/helloworld.c:96:58: error: 'i' undeclared (first use in this function)
         xil_printf("Write %d: 0x%02x 0x%02x 0x%02x\r\n", i, ReadBuffer[0], ReadBuffer[1], ReadBuffer[2]);
                                                          ^
../src/helloworld.c:71:6: warning: variable 'Status' set but not used [-Wunused-but-set-variable]
  int Status;
      ^~~~~~
../src/helloworld.c: At top level:
../src/helloworld.c:62:12: warning: 'SpiSelfTestExample' declared 'static' but never defined [-Wunused-function]
 static int SpiSelfTestExample(u16 DeviceId);
            ^~~~~~~~~~~~~~~~~~
make: *** [src/subdir.mk:26: src/helloworld.o] Error 1
12:39:36 **** Auto Build of configuration Debug for project SPI ****
make all 
'Building file: ../src/helloworld.c'
'Invoking: MicroBlaze gcc compiler'
mb-gcc -Wall -O0 -g3 -c -fmessage-length=0 -MT"src/helloworld.o" -I../../SPI_bsp/microblaze_0/include -mlittle-endian -mcpu=v11.0 -mxl-soft-mul -Wl,--no-relax -ffunction-sections -fdata-sections -MMD -MP -MF"src/helloworld.d" -MT"src/helloworld.o" -o "src/helloworld.o" "../src/helloworld.c"
../src/helloworld.c: In function 'main':
../src/helloworld.c:93:9: error: 'WriteBUffer' undeclared (first use in this function); did you mean 'WriteBuffer'?
         WriteBUffer[0] = 0xC6;
         ^~~~~~~~~~~
         WriteBuffer
../src/helloworld.c:93:9: note: each undeclared identifier is reported only once for each function it appears in
../src/helloworld.c:95:9: warning: implicit declaration of function 'Xspi_Transfer'; did you mean 'XSpi_Transfer'? [-Wimplicit-function-declaration]
         Xspi_Transfer(&SpiInstance, WriteBuffer, ReadBUffer, 2);
         ^~~~~~~~~~~~~
         XSpi_Transfer
../src/helloworld.c:95:50: error: 'ReadBUffer' undeclared (first use in this function); did you mean 'ReadBuffer'?
         Xspi_Transfer(&SpiInstance, WriteBuffer, ReadBUffer, 2);
                                                  ^~~~~~~~~~
                                                  ReadBuffer
../src/helloworld.c:96:58: error: 'i' undeclared (first use in this function)
         xil_printf("Write %d: 0x%02x 0x%02x 0x%02x\r\n", i, ReadBuffer[0], ReadBuffer[1], ReadBuffer[2]);
                                                          ^
../src/helloworld.c:71:6: warning: variable 'Status' set but not used [-Wunused-but-set-variable]
  int Status;
      ^~~~~~
../src/helloworld.c: At top level:
../src/helloworld.c:62:12: warning: 'SpiSelfTestExample' declared 'static' but never defined [-Wunused-function]
 static int SpiSelfTestExample(u16 DeviceId);
            ^~~~~~~~~~~~~~~~~~
make: *** [src/subdir.mk:26: src/helloworld.o] Error 1
12:40:01 **** Auto Build of configuration Debug for project SPI ****
make all 
'Building file: ../src/helloworld.c'
'Invoking: MicroBlaze gcc compiler'
mb-gcc -Wall -O0 -g3 -c -fmessage-length=0 -MT"src/helloworld.o" -I../../SPI_bsp/microblaze_0/include -mlittle-endian -mcpu=v11.0 -mxl-soft-mul -Wl,--no-relax -ffunction-sections -fdata-sections -MMD -MP -MF"src/helloworld.d" -MT"src/helloworld.o" -o "src/helloworld.o" "../src/helloworld.c"
../src/helloworld.c: In function 'main':
../src/helloworld.c:94:9: error: 'WriteBUffer' undeclared (first use in this function); did you mean 'WriteBuffer'?
         WriteBUffer[1] = 0x00; // needed for some clock cycle weirdness
         ^~~~~~~~~~~
         WriteBuffer
../src/helloworld.c:94:9: note: each undeclared identifier is reported only once for each function it appears in
../src/helloworld.c:95:9: warning: implicit declaration of function 'Xspi_Transfer'; did you mean 'XSpi_Transfer'? [-Wimplicit-function-declaration]
         Xspi_Transfer(&SpiInstance, WriteBuffer, ReadBuffer, 2);
         ^~~~~~~~~~~~~
         XSpi_Transfer
../src/helloworld.c:96:58: error: 'i' undeclared (first use in this function)
         xil_printf("Write %d: 0x%02x 0x%02x 0x%02x\r\n", i, ReadBuffer[0], ReadBuffer[1], ReadBuffer[2]);
                                                          ^
../src/helloworld.c:71:6: warning: variable 'Status' set but not used [-Wunused-but-set-variable]
  int Status;
      ^~~~~~
../src/helloworld.c: At top level:
../src/helloworld.c:62:12: warning: 'SpiSelfTestExample' declared 'static' but never defined [-Wunused-function]
 static int SpiSelfTestExample(u16 DeviceId);
            ^~~~~~~~~~~~~~~~~~
make: *** [src/subdir.mk:26: src/helloworld.o] Error 1
12:40:06 **** Auto Build of configuration Debug for project SPI ****
make all 
'Building file: ../src/helloworld.c'
'Invoking: MicroBlaze gcc compiler'
mb-gcc -Wall -O0 -g3 -c -fmessage-length=0 -MT"src/helloworld.o" -I../../SPI_bsp/microblaze_0/include -mlittle-endian -mcpu=v11.0 -mxl-soft-mul -Wl,--no-relax -ffunction-sections -fdata-sections -MMD -MP -MF"src/helloworld.d" -MT"src/helloworld.o" -o "src/helloworld.o" "../src/helloworld.c"
../src/helloworld.c: In function 'main':
../src/helloworld.c:95:9: warning: implicit declaration of function 'Xspi_Transfer'; did you mean 'XSpi_Transfer'? [-Wimplicit-function-declaration]
         Xspi_Transfer(&SpiInstance, WriteBuffer, ReadBuffer, 2);
         ^~~~~~~~~~~~~
         XSpi_Transfer
../src/helloworld.c:96:58: error: 'i' undeclared (first use in this function)
         xil_printf("Write %d: 0x%02x 0x%02x 0x%02x\r\n", i, ReadBuffer[0], ReadBuffer[1], ReadBuffer[2]);
                                                          ^
../src/helloworld.c:96:58: note: each undeclared identifier is reported only once for each function it appears in
../src/helloworld.c:71:6: warning: variable 'Status' set but not used [-Wunused-but-set-variable]
  int Status;
      ^~~~~~
../src/helloworld.c: At top level:
../src/helloworld.c:62:12: warning: 'SpiSelfTestExample' declared 'static' but never defined [-Wunused-function]
 static int SpiSelfTestExample(u16 DeviceId);
            ^~~~~~~~~~~~~~~~~~
make: *** [src/subdir.mk:26: src/helloworld.o] Error 1
12:40:54 **** Auto Build of configuration Debug for project SPI ****
make all 
'Building file: ../src/helloworld.c'
'Invoking: MicroBlaze gcc compiler'
mb-gcc -Wall -O0 -g3 -c -fmessage-length=0 -MT"src/helloworld.o" -I../../SPI_bsp/microblaze_0/include -mlittle-endian -mcpu=v11.0 -mxl-soft-mul -Wl,--no-relax -ffunction-sections -fdata-sections -MMD -MP -MF"src/helloworld.d" -MT"src/helloworld.o" -o "src/helloworld.o" "../src/helloworld.c"
../src/helloworld.c: In function 'main':
../src/helloworld.c:96:23: warning: implicit declaration of function 'Xspi_Transfer'; did you mean 'XSpi_Transfer'? [-Wimplicit-function-declaration]
                       Xspi_Transfer(&SpiInstance, WriteBuffer, ReadBuffer, 2);
                       ^~~~~~~~~~~~~
                       XSpi_Transfer
../src/helloworld.c:71:6: warning: variable 'Status' set but not used [-Wunused-but-set-variable]
  int Status;
      ^~~~~~
../src/helloworld.c: At top level:
../src/helloworld.c:62:12: warning: 'SpiSelfTestExample' declared 'static' but never defined [-Wunused-function]
 static int SpiSelfTestExample(u16 DeviceId);
            ^~~~~~~~~~~~~~~~~~
'Finished building: ../src/helloworld.c'
' '
'Building target: SPI.elf'
'Invoking: MicroBlaze gcc linker'
mb-gcc -Wl,-T -Wl,../src/lscript.ld -L../../SPI_bsp/microblaze_0/lib -mlittle-endian -mcpu=v11.0 -mxl-soft-mul -Wl,--no-relax -Wl,--gc-sections -o "SPI.elf"  ./src/helloworld.o ./src/platform.o   -Wl,--start-group,-lxil,-lgcc,-lc,--end-group
./src/helloworld.o: In function `main':
C:\Users\Andrea\SPIswitch\SPIswitch.sdk\SPI\Debug/../src/helloworld.c:96: undefined reference to `Xspi_Transfer'
collect2.exe: error: ld returned 1 exit status
make: *** [makefile:38: SPI.elf] Error 1
12:41:19 **** Auto Build of configuration Debug for project SPI ****
make all 
'Building file: ../src/helloworld.c'
'Invoking: MicroBlaze gcc compiler'
mb-gcc -Wall -O0 -g3 -c -fmessage-length=0 -MT"src/helloworld.o" -I../../SPI_bsp/microblaze_0/include -mlittle-endian -mcpu=v11.0 -mxl-soft-mul -Wl,--no-relax -ffunction-sections -fdata-sections -MMD -MP -MF"src/helloworld.d" -MT"src/helloworld.o" -o "src/helloworld.o" "../src/helloworld.c"
../src/helloworld.c: In function 'main':
../src/helloworld.c:71:6: warning: variable 'Status' set but not used [-Wunused-but-set-variable]
  int Status;
      ^~~~~~
../src/helloworld.c: At top level:
../src/helloworld.c:62:12: warning: 'SpiSelfTestExample' declared 'static' but never defined [-Wunused-function]
 static int SpiSelfTestExample(u16 DeviceId);
            ^~~~~~~~~~~~~~~~~~
'Finished building: ../src/helloworld.c'
' '
'Building target: SPI.elf'
'Invoking: MicroBlaze gcc linker'
mb-gcc -Wl,-T -Wl,../src/lscript.ld -L../../SPI_bsp/microblaze_0/lib -mlittle-endian -mcpu=v11.0 -mxl-soft-mul -Wl,--no-relax -Wl,--gc-sections -o "SPI.elf"  ./src/helloworld.o ./src/platform.o   -Wl,--start-group,-lxil,-lgcc,-lc,--end-group
'Finished building target: SPI.elf'
' '
'Invoking: MicroBlaze Print Size'
mb-size SPI.elf  |tee "SPI.elf.size"
   text	   data	    bss	    dec	    hex	filename
   9016	    304	   3232	  12552	   3108	SPI.elf
'Finished building: SPI.elf.size'
' '
12:41:43 **** Incremental Build of configuration Debug for project SPI ****
make all 
make: Nothing to be done for 'all'.
12:44:41 **** Auto Build of configuration Debug for project SPI ****
make all 
'Building file: ../src/helloworld.c'
'Invoking: MicroBlaze gcc compiler'
mb-gcc -Wall -O0 -g3 -c -fmessage-length=0 -MT"src/helloworld.o" -I../../SPI_bsp/microblaze_0/include -mlittle-endian -mcpu=v11.0 -mxl-soft-mul -Wl,--no-relax -ffunction-sections -fdata-sections -MMD -MP -MF"src/helloworld.d" -MT"src/helloworld.o" -o "src/helloworld.o" "../src/helloworld.c"
../src/helloworld.c: In function 'main':
../src/helloworld.c:71:6: warning: variable 'Status' set but not used [-Wunused-but-set-variable]
  int Status;
      ^~~~~~
../src/helloworld.c: At top level:
../src/helloworld.c:62:12: warning: 'SpiSelfTestExample' declared 'static' but never defined [-Wunused-function]
 static int SpiSelfTestExample(u16 DeviceId);
            ^~~~~~~~~~~~~~~~~~
'Finished building: ../src/helloworld.c'
' '
'Building target: SPI.elf'
'Invoking: MicroBlaze gcc linker'
mb-gcc -Wl,-T -Wl,../src/lscript.ld -L../../SPI_bsp/microblaze_0/lib -mlittle-endian -mcpu=v11.0 -mxl-soft-mul -Wl,--no-relax -Wl,--gc-sections -o "SPI.elf"  ./src/helloworld.o ./src/platform.o   -Wl,--start-group,-lxil,-lgcc,-lc,--end-group
'Finished building target: SPI.elf'
' '
'Invoking: MicroBlaze Print Size'
mb-size SPI.elf  |tee "SPI.elf.size"
   text	   data	    bss	    dec	    hex	filename
   9068	    304	   3236	  12608	   3140	SPI.elf
'Finished building: SPI.elf.size'
' '
12:51:15 **** Auto Build of configuration Debug for project SPI ****
make all 
'Building file: ../src/helloworld.c'
'Invoking: MicroBlaze gcc compiler'
mb-gcc -Wall -O0 -g3 -c -fmessage-length=0 -MT"src/helloworld.o" -I../../SPI_bsp/microblaze_0/include -mlittle-endian -mcpu=v11.0 -mxl-soft-mul -Wl,--no-relax -ffunction-sections -fdata-sections -MMD -MP -MF"src/helloworld.d" -MT"src/helloworld.o" -o "src/helloworld.o" "../src/helloworld.c"
../src/helloworld.c: In function 'main':
../src/helloworld.c:71:6: warning: variable 'Status' set but not used [-Wunused-but-set-variable]
  int Status;
      ^~~~~~
../src/helloworld.c: At top level:
../src/helloworld.c:62:12: warning: 'SpiSelfTestExample' declared 'static' but never defined [-Wunused-function]
 static int SpiSelfTestExample(u16 DeviceId);
            ^~~~~~~~~~~~~~~~~~
'Finished building: ../src/helloworld.c'
' '
'Building target: SPI.elf'
'Invoking: MicroBlaze gcc linker'
mb-gcc -Wl,-T -Wl,../src/lscript.ld -L../../SPI_bsp/microblaze_0/lib -mlittle-endian -mcpu=v11.0 -mxl-soft-mul -Wl,--no-relax -Wl,--gc-sections -o "SPI.elf"  ./src/helloworld.o ./src/platform.o   -Wl,--start-group,-lxil,-lgcc,-lc,--end-group
'Finished building target: SPI.elf'
' '
'Invoking: MicroBlaze Print Size'
mb-size SPI.elf  |tee "SPI.elf.size"
   text	   data	    bss	    dec	    hex	filename
   9048	    304	   3232	  12584	   3128	SPI.elf
'Finished building: SPI.elf.size'
' '
12:52:30 **** Auto Build of configuration Debug for project SPI ****
make all 
'Building file: ../src/helloworld.c'
'Invoking: MicroBlaze gcc compiler'
mb-gcc -Wall -O0 -g3 -c -fmessage-length=0 -MT"src/helloworld.o" -I../../SPI_bsp/microblaze_0/include -mlittle-endian -mcpu=v11.0 -mxl-soft-mul -Wl,--no-relax -ffunction-sections -fdata-sections -MMD -MP -MF"src/helloworld.d" -MT"src/helloworld.o" -o "src/helloworld.o" "../src/helloworld.c"
../src/helloworld.c: In function 'main':
../src/helloworld.c:71:6: warning: variable 'Status' set but not used [-Wunused-but-set-variable]
  int Status;
      ^~~~~~
../src/helloworld.c: At top level:
../src/helloworld.c:62:12: warning: 'SpiSelfTestExample' declared 'static' but never defined [-Wunused-function]
 static int SpiSelfTestExample(u16 DeviceId);
            ^~~~~~~~~~~~~~~~~~
'Finished building: ../src/helloworld.c'
' '
'Building target: SPI.elf'
'Invoking: MicroBlaze gcc linker'
mb-gcc -Wl,-T -Wl,../src/lscript.ld -L../../SPI_bsp/microblaze_0/lib -mlittle-endian -mcpu=v11.0 -mxl-soft-mul -Wl,--no-relax -Wl,--gc-sections -o "SPI.elf"  ./src/helloworld.o ./src/platform.o   -Wl,--start-group,-lxil,-lgcc,-lc,--end-group
'Finished building target: SPI.elf'
' '
'Invoking: MicroBlaze Print Size'
mb-size SPI.elf  |tee "SPI.elf.size"
   text	   data	    bss	    dec	    hex	filename
   9076	    304	   3236	  12616	   3148	SPI.elf
'Finished building: SPI.elf.size'
' '
12:52:56 **** Incremental Build of configuration Debug for project SPI ****
make all 
make: Nothing to be done for 'all'.
12:53:15 **** Auto Build of configuration Debug for project SPI ****
make all 
'Building file: ../src/helloworld.c'
'Invoking: MicroBlaze gcc compiler'
mb-gcc -Wall -O0 -g3 -c -fmessage-length=0 -MT"src/helloworld.o" -I../../SPI_bsp/microblaze_0/include -mlittle-endian -mcpu=v11.0 -mxl-soft-mul -Wl,--no-relax -ffunction-sections -fdata-sections -MMD -MP -MF"src/helloworld.d" -MT"src/helloworld.o" -o "src/helloworld.o" "../src/helloworld.c"
../src/helloworld.c: In function 'main':
../src/helloworld.c:71:6: warning: variable 'Status' set but not used [-Wunused-but-set-variable]
  int Status;
      ^~~~~~
../src/helloworld.c: At top level:
../src/helloworld.c:62:12: warning: 'SpiSelfTestExample' declared 'static' but never defined [-Wunused-function]
 static int SpiSelfTestExample(u16 DeviceId);
            ^~~~~~~~~~~~~~~~~~
'Finished building: ../src/helloworld.c'
' '
'Building target: SPI.elf'
'Invoking: MicroBlaze gcc linker'
mb-gcc -Wl,-T -Wl,../src/lscript.ld -L../../SPI_bsp/microblaze_0/lib -mlittle-endian -mcpu=v11.0 -mxl-soft-mul -Wl,--no-relax -Wl,--gc-sections -o "SPI.elf"  ./src/helloworld.o ./src/platform.o   -Wl,--start-group,-lxil,-lgcc,-lc,--end-group
'Finished building target: SPI.elf'
' '
'Invoking: MicroBlaze Print Size'
mb-size SPI.elf  |tee "SPI.elf.size"
   text	   data	    bss	    dec	    hex	filename
   9076	    304	   3236	  12616	   3148	SPI.elf
'Finished building: SPI.elf.size'
' '
13:29:16 **** Auto Build of configuration Debug for project SPI ****
make all 
'Building file: ../src/helloworld.c'
'Invoking: MicroBlaze gcc compiler'
mb-gcc -Wall -O0 -g3 -c -fmessage-length=0 -MT"src/helloworld.o" -I../../SPI_bsp/microblaze_0/include -mlittle-endian -mcpu=v11.0 -mxl-soft-mul -Wl,--no-relax -ffunction-sections -fdata-sections -MMD -MP -MF"src/helloworld.d" -MT"src/helloworld.o" -o "src/helloworld.o" "../src/helloworld.c"
../src/helloworld.c: In function 'main':
../src/helloworld.c:71:6: warning: variable 'Status' set but not used [-Wunused-but-set-variable]
  int Status;
      ^~~~~~
../src/helloworld.c: At top level:
../src/helloworld.c:62:12: warning: 'SpiSelfTestExample' declared 'static' but never defined [-Wunused-function]
 static int SpiSelfTestExample(u16 DeviceId);
            ^~~~~~~~~~~~~~~~~~
'Finished building: ../src/helloworld.c'
' '
'Building target: SPI.elf'
'Invoking: MicroBlaze gcc linker'
mb-gcc -Wl,-T -Wl,../src/lscript.ld -L../../SPI_bsp/microblaze_0/lib -mlittle-endian -mcpu=v11.0 -mxl-soft-mul -Wl,--no-relax -Wl,--gc-sections -o "SPI.elf"  ./src/helloworld.o ./src/platform.o   -Wl,--start-group,-lxil,-lgcc,-lc,--end-group
'Finished building target: SPI.elf'
' '
'Invoking: MicroBlaze Print Size'
mb-size SPI.elf  |tee "SPI.elf.size"
   text	   data	    bss	    dec	    hex	filename
  10012	    304	   3236	  13552	   34f0	SPI.elf
'Finished building: SPI.elf.size'
' '
13:29:39 **** Incremental Build of configuration Debug for project SPI ****
make all 
make: Nothing to be done for 'all'.
13:39:12 **** Auto Build of configuration Debug for project SPI ****
make all 
'Building file: ../src/helloworld.c'
'Invoking: MicroBlaze gcc compiler'
mb-gcc -Wall -O0 -g3 -c -fmessage-length=0 -MT"src/helloworld.o" -I../../SPI_bsp/microblaze_0/include -mlittle-endian -mcpu=v11.0 -mxl-soft-mul -Wl,--no-relax -ffunction-sections -fdata-sections -MMD -MP -MF"src/helloworld.d" -MT"src/helloworld.o" -o "src/helloworld.o" "../src/helloworld.c"
../src/helloworld.c: In function 'main':
../src/helloworld.c:71:6: warning: variable 'Status' set but not used [-Wunused-but-set-variable]
  int Status;
      ^~~~~~
../src/helloworld.c: At top level:
../src/helloworld.c:62:12: warning: 'SpiSelfTestExample' declared 'static' but never defined [-Wunused-function]
 static int SpiSelfTestExample(u16 DeviceId);
            ^~~~~~~~~~~~~~~~~~
'Finished building: ../src/helloworld.c'
' '
'Building target: SPI.elf'
'Invoking: MicroBlaze gcc linker'
mb-gcc -Wl,-T -Wl,../src/lscript.ld -L../../SPI_bsp/microblaze_0/lib -mlittle-endian -mcpu=v11.0 -mxl-soft-mul -Wl,--no-relax -Wl,--gc-sections -o "SPI.elf"  ./src/helloworld.o ./src/platform.o   -Wl,--start-group,-lxil,-lgcc,-lc,--end-group
'Finished building target: SPI.elf'
' '
'Invoking: MicroBlaze Print Size'
mb-size SPI.elf  |tee "SPI.elf.size"
   text	   data	    bss	    dec	    hex	filename
  10440	    304	   3232	  13976	   3698	SPI.elf
'Finished building: SPI.elf.size'
' '
13:39:35 **** Incremental Build of configuration Debug for project SPI ****
make all 
make: Nothing to be done for 'all'.
13:43:57 **** Auto Build of configuration Debug for project SPI ****
make all 
'Building file: ../src/helloworld.c'
'Invoking: MicroBlaze gcc compiler'
mb-gcc -Wall -O0 -g3 -c -fmessage-length=0 -MT"src/helloworld.o" -I../../SPI_bsp/microblaze_0/include -mlittle-endian -mcpu=v11.0 -mxl-soft-mul -Wl,--no-relax -ffunction-sections -fdata-sections -MMD -MP -MF"src/helloworld.d" -MT"src/helloworld.o" -o "src/helloworld.o" "../src/helloworld.c"
../src/helloworld.c: In function 'main':
../src/helloworld.c:71:6: warning: variable 'Status' set but not used [-Wunused-but-set-variable]
  int Status;
      ^~~~~~
../src/helloworld.c: At top level:
../src/helloworld.c:62:12: warning: 'SpiSelfTestExample' declared 'static' but never defined [-Wunused-function]
 static int SpiSelfTestExample(u16 DeviceId);
            ^~~~~~~~~~~~~~~~~~
'Finished building: ../src/helloworld.c'
' '
'Building target: SPI.elf'
'Invoking: MicroBlaze gcc linker'
mb-gcc -Wl,-T -Wl,../src/lscript.ld -L../../SPI_bsp/microblaze_0/lib -mlittle-endian -mcpu=v11.0 -mxl-soft-mul -Wl,--no-relax -Wl,--gc-sections -o "SPI.elf"  ./src/helloworld.o ./src/platform.o   -Wl,--start-group,-lxil,-lgcc,-lc,--end-group
'Finished building target: SPI.elf'
' '
'Invoking: MicroBlaze Print Size'
mb-size SPI.elf  |tee "SPI.elf.size"
   text	   data	    bss	    dec	    hex	filename
   9656	    304	   3232	  13192	   3388	SPI.elf
'Finished building: SPI.elf.size'
' '
13:44:23 **** Incremental Build of configuration Debug for project SPI ****
make all 
make: Nothing to be done for 'all'.
13:46:24 **** Auto Build of configuration Debug for project SPI ****
make all 
'Building file: ../src/helloworld.c'
'Invoking: MicroBlaze gcc compiler'
mb-gcc -Wall -O0 -g3 -c -fmessage-length=0 -MT"src/helloworld.o" -I../../SPI_bsp/microblaze_0/include -mlittle-endian -mcpu=v11.0 -mxl-soft-mul -Wl,--no-relax -ffunction-sections -fdata-sections -MMD -MP -MF"src/helloworld.d" -MT"src/helloworld.o" -o "src/helloworld.o" "../src/helloworld.c"
../src/helloworld.c: In function 'main':
../src/helloworld.c:71:6: warning: variable 'Status' set but not used [-Wunused-but-set-variable]
  int Status;
      ^~~~~~
../src/helloworld.c: At top level:
../src/helloworld.c:62:12: warning: 'SpiSelfTestExample' declared 'static' but never defined [-Wunused-function]
 static int SpiSelfTestExample(u16 DeviceId);
            ^~~~~~~~~~~~~~~~~~
'Finished building: ../src/helloworld.c'
' '
'Building target: SPI.elf'
'Invoking: MicroBlaze gcc linker'
mb-gcc -Wl,-T -Wl,../src/lscript.ld -L../../SPI_bsp/microblaze_0/lib -mlittle-endian -mcpu=v11.0 -mxl-soft-mul -Wl,--no-relax -Wl,--gc-sections -o "SPI.elf"  ./src/helloworld.o ./src/platform.o   -Wl,--start-group,-lxil,-lgcc,-lc,--end-group
'Finished building target: SPI.elf'
' '
'Invoking: MicroBlaze Print Size'
mb-size SPI.elf  |tee "SPI.elf.size"
   text	   data	    bss	    dec	    hex	filename
   9640	    304	   3232	  13176	   3378	SPI.elf
'Finished building: SPI.elf.size'
' '
13:46:46 **** Incremental Build of configuration Debug for project SPI ****
make all 
make: Nothing to be done for 'all'.
13:50:56 **** Auto Build of configuration Debug for project SPI ****
make all 
'Building file: ../src/helloworld.c'
'Invoking: MicroBlaze gcc compiler'
mb-gcc -Wall -O0 -g3 -c -fmessage-length=0 -MT"src/helloworld.o" -I../../SPI_bsp/microblaze_0/include -mlittle-endian -mcpu=v11.0 -mxl-soft-mul -Wl,--no-relax -ffunction-sections -fdata-sections -MMD -MP -MF"src/helloworld.d" -MT"src/helloworld.o" -o "src/helloworld.o" "../src/helloworld.c"
../src/helloworld.c: In function 'main':
../src/helloworld.c:72:6: warning: variable 'Status' set but not used [-Wunused-but-set-variable]
  int Status;
      ^~~~~~
../src/helloworld.c: At top level:
../src/helloworld.c:62:12: warning: 'SpiSelfTestExample' declared 'static' but never defined [-Wunused-function]
 static int SpiSelfTestExample(u16 DeviceId);
            ^~~~~~~~~~~~~~~~~~
'Finished building: ../src/helloworld.c'
' '
'Building target: SPI.elf'
'Invoking: MicroBlaze gcc linker'
mb-gcc -Wl,-T -Wl,../src/lscript.ld -L../../SPI_bsp/microblaze_0/lib -mlittle-endian -mcpu=v11.0 -mxl-soft-mul -Wl,--no-relax -Wl,--gc-sections -o "SPI.elf"  ./src/helloworld.o ./src/platform.o   -Wl,--start-group,-lxil,-lgcc,-lc,--end-group
'Finished building target: SPI.elf'
' '
'Invoking: MicroBlaze Print Size'
mb-size SPI.elf  |tee "SPI.elf.size"
   text	   data	    bss	    dec	    hex	filename
   9604	    304	   3244	  13152	   3360	SPI.elf
'Finished building: SPI.elf.size'
' '
13:51:03 **** Incremental Build of configuration Debug for project SPI ****
make all 
make: Nothing to be done for 'all'.
15:47:13 **** Auto Build of configuration Debug for project SPI ****
make all 
'Building file: ../src/helloworld.c'
'Invoking: MicroBlaze gcc compiler'
mb-gcc -Wall -O0 -g3 -c -fmessage-length=0 -MT"src/helloworld.o" -I../../SPI_bsp/microblaze_0/include -mlittle-endian -mcpu=v11.0 -mxl-soft-mul -Wl,--no-relax -ffunction-sections -fdata-sections -MMD -MP -MF"src/helloworld.d" -MT"src/helloworld.o" -o "src/helloworld.o" "../src/helloworld.c"
../src/helloworld.c: In function 'main':
../src/helloworld.c:77:6: warning: variable 'Status' set but not used [-Wunused-but-set-variable]
  int Status;
      ^~~~~~
../src/helloworld.c: At top level:
../src/helloworld.c:141:13: error: expected declaration specifiers or '...' before string constant
  xil_printf("\r\n\r\n");
             ^~~~~~~~~~
../src/helloworld.c:147:5: warning: data definition has no type or storage class
     cleanup_platform();
     ^~~~~~~~~~~~~~~~
../src/helloworld.c:147:5: warning: type defaults to 'int' in declaration of 'cleanup_platform' [-Wimplicit-int]
../src/helloworld.c:147:5: error: conflicting types for 'cleanup_platform'
In file included from ../src/helloworld.c:49:0:
../src/platform.h:39:6: note: previous declaration of 'cleanup_platform' was here
 void cleanup_platform();
      ^~~~~~~~~~~~~~~~
../src/helloworld.c:148:5: error: expected identifier or '(' before 'return'
     return 0;
     ^~~~~~
../src/helloworld.c:149:1: error: expected identifier or '(' before '}' token
 }
 ^
../src/helloworld.c:67:12: warning: 'SpiSelfTestExample' declared 'static' but never defined [-Wunused-function]
 static int SpiSelfTestExample(u16 DeviceId);
            ^~~~~~~~~~~~~~~~~~
make: *** [src/subdir.mk:26: src/helloworld.o] Error 1
15:47:26 **** Auto Build of configuration Debug for project SPI ****
make all 
'Building file: ../src/helloworld.c'
'Invoking: MicroBlaze gcc compiler'
mb-gcc -Wall -O0 -g3 -c -fmessage-length=0 -MT"src/helloworld.o" -I../../SPI_bsp/microblaze_0/include -mlittle-endian -mcpu=v11.0 -mxl-soft-mul -Wl,--no-relax -ffunction-sections -fdata-sections -MMD -MP -MF"src/helloworld.d" -MT"src/helloworld.o" -o "src/helloworld.o" "../src/helloworld.c"
../src/helloworld.c: In function 'main':
../src/helloworld.c:77:6: warning: variable 'Status' set but not used [-Wunused-but-set-variable]
  int Status;
      ^~~~~~
../src/helloworld.c: At top level:
../src/helloworld.c:67:12: warning: 'SpiSelfTestExample' declared 'static' but never defined [-Wunused-function]
 static int SpiSelfTestExample(u16 DeviceId);
            ^~~~~~~~~~~~~~~~~~
'Finished building: ../src/helloworld.c'
' '
'Building target: SPI.elf'
'Invoking: MicroBlaze gcc linker'
mb-gcc -Wl,-T -Wl,../src/lscript.ld -L../../SPI_bsp/microblaze_0/lib -mlittle-endian -mcpu=v11.0 -mxl-soft-mul -Wl,--no-relax -Wl,--gc-sections -o "SPI.elf"  ./src/helloworld.o ./src/platform.o   -Wl,--start-group,-lxil,-lgcc,-lc,--end-group
'Finished building target: SPI.elf'
' '
'Invoking: MicroBlaze Print Size'
mb-size SPI.elf  |tee "SPI.elf.size"
   text	   data	    bss	    dec	    hex	filename
   9892	    304	   3244	  13440	   3480	SPI.elf
'Finished building: SPI.elf.size'
' '
15:47:52 **** Incremental Build of configuration Debug for project SPI ****
make all 
make: Nothing to be done for 'all'.
15:49:07 **** Auto Build of configuration Debug for project SPI ****
make all 
'Building file: ../src/helloworld.c'
'Invoking: MicroBlaze gcc compiler'
mb-gcc -Wall -O0 -g3 -c -fmessage-length=0 -MT"src/helloworld.o" -I../../SPI_bsp/microblaze_0/include -mlittle-endian -mcpu=v11.0 -mxl-soft-mul -Wl,--no-relax -ffunction-sections -fdata-sections -MMD -MP -MF"src/helloworld.d" -MT"src/helloworld.o" -o "src/helloworld.o" "../src/helloworld.c"
../src/helloworld.c: In function 'main':
../src/helloworld.c:77:6: warning: variable 'Status' set but not used [-Wunused-but-set-variable]
  int Status;
      ^~~~~~
../src/helloworld.c: At top level:
../src/helloworld.c:67:12: warning: 'SpiSelfTestExample' declared 'static' but never defined [-Wunused-function]
 static int SpiSelfTestExample(u16 DeviceId);
            ^~~~~~~~~~~~~~~~~~
'Finished building: ../src/helloworld.c'
' '
'Building target: SPI.elf'
'Invoking: MicroBlaze gcc linker'
mb-gcc -Wl,-T -Wl,../src/lscript.ld -L../../SPI_bsp/microblaze_0/lib -mlittle-endian -mcpu=v11.0 -mxl-soft-mul -Wl,--no-relax -Wl,--gc-sections -o "SPI.elf"  ./src/helloworld.o ./src/platform.o   -Wl,--start-group,-lxil,-lgcc,-lc,--end-group
'Finished building target: SPI.elf'
' '
'Invoking: MicroBlaze Print Size'
mb-size SPI.elf  |tee "SPI.elf.size"
   text	   data	    bss	    dec	    hex	filename
  10040	    304	   3240	  13584	   3510	SPI.elf
'Finished building: SPI.elf.size'
' '
15:49:22 **** Auto Build of configuration Debug for project SPI ****
make all 
'Building file: ../src/helloworld.c'
'Invoking: MicroBlaze gcc compiler'
mb-gcc -Wall -O0 -g3 -c -fmessage-length=0 -MT"src/helloworld.o" -I../../SPI_bsp/microblaze_0/include -mlittle-endian -mcpu=v11.0 -mxl-soft-mul -Wl,--no-relax -ffunction-sections -fdata-sections -MMD -MP -MF"src/helloworld.d" -MT"src/helloworld.o" -o "src/helloworld.o" "../src/helloworld.c"
../src/helloworld.c: In function 'main':
../src/helloworld.c:77:6: warning: variable 'Status' set but not used [-Wunused-but-set-variable]
  int Status;
      ^~~~~~
../src/helloworld.c: At top level:
../src/helloworld.c:67:12: warning: 'SpiSelfTestExample' declared 'static' but never defined [-Wunused-function]
 static int SpiSelfTestExample(u16 DeviceId);
            ^~~~~~~~~~~~~~~~~~
'Finished building: ../src/helloworld.c'
' '
'Building target: SPI.elf'
'Invoking: MicroBlaze gcc linker'
mb-gcc -Wl,-T -Wl,../src/lscript.ld -L../../SPI_bsp/microblaze_0/lib -mlittle-endian -mcpu=v11.0 -mxl-soft-mul -Wl,--no-relax -Wl,--gc-sections -o "SPI.elf"  ./src/helloworld.o ./src/platform.o   -Wl,--start-group,-lxil,-lgcc,-lc,--end-group
'Finished building target: SPI.elf'
' '
'Invoking: MicroBlaze Print Size'
mb-size SPI.elf  |tee "SPI.elf.size"
   text	   data	    bss	    dec	    hex	filename
  10040	    304	   3240	  13584	   3510	SPI.elf
'Finished building: SPI.elf.size'
' '
15:49:44 **** Incremental Build of configuration Debug for project SPI ****
make all 
make: Nothing to be done for 'all'.
15:50:27 **** Auto Build of configuration Debug for project SPI ****
make all 
'Building file: ../src/helloworld.c'
'Invoking: MicroBlaze gcc compiler'
mb-gcc -Wall -O0 -g3 -c -fmessage-length=0 -MT"src/helloworld.o" -I../../SPI_bsp/microblaze_0/include -mlittle-endian -mcpu=v11.0 -mxl-soft-mul -Wl,--no-relax -ffunction-sections -fdata-sections -MMD -MP -MF"src/helloworld.d" -MT"src/helloworld.o" -o "src/helloworld.o" "../src/helloworld.c"
../src/helloworld.c: In function 'main':
../src/helloworld.c:77:6: warning: variable 'Status' set but not used [-Wunused-but-set-variable]
  int Status;
      ^~~~~~
../src/helloworld.c: At top level:
../src/helloworld.c:67:12: warning: 'SpiSelfTestExample' declared 'static' but never defined [-Wunused-function]
 static int SpiSelfTestExample(u16 DeviceId);
            ^~~~~~~~~~~~~~~~~~
'Finished building: ../src/helloworld.c'
' '
'Building target: SPI.elf'
'Invoking: MicroBlaze gcc linker'
mb-gcc -Wl,-T -Wl,../src/lscript.ld -L../../SPI_bsp/microblaze_0/lib -mlittle-endian -mcpu=v11.0 -mxl-soft-mul -Wl,--no-relax -Wl,--gc-sections -o "SPI.elf"  ./src/helloworld.o ./src/platform.o   -Wl,--start-group,-lxil,-lgcc,-lc,--end-group
'Finished building target: SPI.elf'
' '
'Invoking: MicroBlaze Print Size'
mb-size SPI.elf  |tee "SPI.elf.size"
   text	   data	    bss	    dec	    hex	filename
  10188	    304	   3244	  13736	   35a8	SPI.elf
'Finished building: SPI.elf.size'
' '
15:50:32 **** Incremental Build of configuration Debug for project SPI ****
make all 
make: Nothing to be done for 'all'.
15:51:58 **** Auto Build of configuration Debug for project SPI ****
make all 
'Building file: ../src/helloworld.c'
'Invoking: MicroBlaze gcc compiler'
mb-gcc -Wall -O0 -g3 -c -fmessage-length=0 -MT"src/helloworld.o" -I../../SPI_bsp/microblaze_0/include -mlittle-endian -mcpu=v11.0 -mxl-soft-mul -Wl,--no-relax -ffunction-sections -fdata-sections -MMD -MP -MF"src/helloworld.d" -MT"src/helloworld.o" -o "src/helloworld.o" "../src/helloworld.c"
../src/helloworld.c: In function 'main':
../src/helloworld.c:77:6: warning: variable 'Status' set but not used [-Wunused-but-set-variable]
  int Status;
      ^~~~~~
../src/helloworld.c: At top level:
../src/helloworld.c:67:12: warning: 'SpiSelfTestExample' declared 'static' but never defined [-Wunused-function]
 static int SpiSelfTestExample(u16 DeviceId);
            ^~~~~~~~~~~~~~~~~~
'Finished building: ../src/helloworld.c'
' '
'Building target: SPI.elf'
'Invoking: MicroBlaze gcc linker'
mb-gcc -Wl,-T -Wl,../src/lscript.ld -L../../SPI_bsp/microblaze_0/lib -mlittle-endian -mcpu=v11.0 -mxl-soft-mul -Wl,--no-relax -Wl,--gc-sections -o "SPI.elf"  ./src/helloworld.o ./src/platform.o   -Wl,--start-group,-lxil,-lgcc,-lc,--end-group
'Finished building target: SPI.elf'
' '
'Invoking: MicroBlaze Print Size'
mb-size SPI.elf  |tee "SPI.elf.size"
   text	   data	    bss	    dec	    hex	filename
  10188	    304	   3244	  13736	   35a8	SPI.elf
'Finished building: SPI.elf.size'
' '
15:52:01 **** Incremental Build of configuration Debug for project SPI ****
make all 
make: Nothing to be done for 'all'.
15:52:28 **** Incremental Build of configuration Debug for project SPI ****
make all 
make: Nothing to be done for 'all'.
15:57:22 **** Auto Build of configuration Debug for project SPI ****
make all 
'Building file: ../src/helloworld.c'
'Invoking: MicroBlaze gcc compiler'
mb-gcc -Wall -O0 -g3 -c -fmessage-length=0 -MT"src/helloworld.o" -I../../SPI_bsp/microblaze_0/include -mlittle-endian -mcpu=v11.0 -mxl-soft-mul -Wl,--no-relax -ffunction-sections -fdata-sections -MMD -MP -MF"src/helloworld.d" -MT"src/helloworld.o" -o "src/helloworld.o" "../src/helloworld.c"
../src/helloworld.c: In function 'main':
../src/helloworld.c:77:6: warning: variable 'Status' set but not used [-Wunused-but-set-variable]
  int Status;
      ^~~~~~
../src/helloworld.c: At top level:
../src/helloworld.c:67:12: warning: 'SpiSelfTestExample' declared 'static' but never defined [-Wunused-function]
 static int SpiSelfTestExample(u16 DeviceId);
            ^~~~~~~~~~~~~~~~~~
'Finished building: ../src/helloworld.c'
' '
'Building target: SPI.elf'
'Invoking: MicroBlaze gcc linker'
mb-gcc -Wl,-T -Wl,../src/lscript.ld -L../../SPI_bsp/microblaze_0/lib -mlittle-endian -mcpu=v11.0 -mxl-soft-mul -Wl,--no-relax -Wl,--gc-sections -o "SPI.elf"  ./src/helloworld.o ./src/platform.o   -Wl,--start-group,-lxil,-lgcc,-lc,--end-group
'Finished building target: SPI.elf'
' '
'Invoking: MicroBlaze Print Size'
mb-size SPI.elf  |tee "SPI.elf.size"
   text	   data	    bss	    dec	    hex	filename
  10188	    304	   3244	  13736	   35a8	SPI.elf
'Finished building: SPI.elf.size'
' '
15:57:29 **** Incremental Build of configuration Debug for project SPI ****
make all 
make: Nothing to be done for 'all'.
15:57:50 **** Auto Build of configuration Debug for project SPI ****
make all 
'Building file: ../src/helloworld.c'
'Invoking: MicroBlaze gcc compiler'
mb-gcc -Wall -O0 -g3 -c -fmessage-length=0 -MT"src/helloworld.o" -I../../SPI_bsp/microblaze_0/include -mlittle-endian -mcpu=v11.0 -mxl-soft-mul -Wl,--no-relax -ffunction-sections -fdata-sections -MMD -MP -MF"src/helloworld.d" -MT"src/helloworld.o" -o "src/helloworld.o" "../src/helloworld.c"
../src/helloworld.c: In function 'main':
../src/helloworld.c:77:6: warning: variable 'Status' set but not used [-Wunused-but-set-variable]
  int Status;
      ^~~~~~
../src/helloworld.c: At top level:
../src/helloworld.c:67:12: warning: 'SpiSelfTestExample' declared 'static' but never defined [-Wunused-function]
 static int SpiSelfTestExample(u16 DeviceId);
            ^~~~~~~~~~~~~~~~~~
'Finished building: ../src/helloworld.c'
' '
'Building target: SPI.elf'
'Invoking: MicroBlaze gcc linker'
mb-gcc -Wl,-T -Wl,../src/lscript.ld -L../../SPI_bsp/microblaze_0/lib -mlittle-endian -mcpu=v11.0 -mxl-soft-mul -Wl,--no-relax -Wl,--gc-sections -o "SPI.elf"  ./src/helloworld.o ./src/platform.o   -Wl,--start-group,-lxil,-lgcc,-lc,--end-group
'Finished building target: SPI.elf'
' '
'Invoking: MicroBlaze Print Size'
mb-size SPI.elf  |tee "SPI.elf.size"
   text	   data	    bss	    dec	    hex	filename
  10188	    304	   3244	  13736	   35a8	SPI.elf
'Finished building: SPI.elf.size'
' '
15:57:54 **** Incremental Build of configuration Debug for project SPI ****
make all 
make: Nothing to be done for 'all'.
16:08:50 **** Auto Build of configuration Debug for project SPI ****
make all 
'Building file: ../src/helloworld.c'
'Invoking: MicroBlaze gcc compiler'
mb-gcc -Wall -O0 -g3 -c -fmessage-length=0 -MT"src/helloworld.o" -I../../SPI_bsp/microblaze_0/include -mlittle-endian -mcpu=v11.0 -mxl-soft-mul -Wl,--no-relax -ffunction-sections -fdata-sections -MMD -MP -MF"src/helloworld.d" -MT"src/helloworld.o" -o "src/helloworld.o" "../src/helloworld.c"
../src/helloworld.c: In function 'main':
../src/helloworld.c:127:2: error: expected ';' before 'XSpi_Transfer'
  XSpi_Transfer(&SpiInstance, WriteBuffer, ReadBuffer, 4);
  ^~~~~~~~~~~~~
../src/helloworld.c:144:55: error: expected expression before ')' token
  XSpi_Transfer(&SpiInstance, WriteBuffer, ReadBuffer, );
                                                       ^
../src/helloworld.c:77:6: warning: variable 'Status' set but not used [-Wunused-but-set-variable]
  int Status;
      ^~~~~~
make: *** [src/subdir.mk:26: src/helloworld.o] Error 1
16:08:55 **** Auto Build of configuration Debug for project SPI ****
make all 
'Building file: ../src/helloworld.c'
'Invoking: MicroBlaze gcc compiler'
mb-gcc -Wall -O0 -g3 -c -fmessage-length=0 -MT"src/helloworld.o" -I../../SPI_bsp/microblaze_0/include -mlittle-endian -mcpu=v11.0 -mxl-soft-mul -Wl,--no-relax -ffunction-sections -fdata-sections -MMD -MP -MF"src/helloworld.d" -MT"src/helloworld.o" -o "src/helloworld.o" "../src/helloworld.c"
../src/helloworld.c: In function 'main':
../src/helloworld.c:144:55: error: expected expression before ')' token
  XSpi_Transfer(&SpiInstance, WriteBuffer, ReadBuffer, );
                                                       ^
../src/helloworld.c:77:6: warning: variable 'Status' set but not used [-Wunused-but-set-variable]
  int Status;
      ^~~~~~
make: *** [src/subdir.mk:26: src/helloworld.o] Error 1
16:09:06 **** Auto Build of configuration Debug for project SPI ****
make all 
'Building file: ../src/helloworld.c'
'Invoking: MicroBlaze gcc compiler'
mb-gcc -Wall -O0 -g3 -c -fmessage-length=0 -MT"src/helloworld.o" -I../../SPI_bsp/microblaze_0/include -mlittle-endian -mcpu=v11.0 -mxl-soft-mul -Wl,--no-relax -ffunction-sections -fdata-sections -MMD -MP -MF"src/helloworld.d" -MT"src/helloworld.o" -o "src/helloworld.o" "../src/helloworld.c"
../src/helloworld.c: In function 'main':
../src/helloworld.c:77:6: warning: variable 'Status' set but not used [-Wunused-but-set-variable]
  int Status;
      ^~~~~~
'Finished building: ../src/helloworld.c'
' '
'Building target: SPI.elf'
'Invoking: MicroBlaze gcc linker'
mb-gcc -Wl,-T -Wl,../src/lscript.ld -L../../SPI_bsp/microblaze_0/lib -mlittle-endian -mcpu=v11.0 -mxl-soft-mul -Wl,--no-relax -Wl,--gc-sections -o "SPI.elf"  ./src/helloworld.o ./src/platform.o   -Wl,--start-group,-lxil,-lgcc,-lc,--end-group
'Finished building target: SPI.elf'
' '
'Invoking: MicroBlaze Print Size'
mb-size SPI.elf  |tee "SPI.elf.size"
   text	   data	    bss	    dec	    hex	filename
  10304	    304	   3240	  13848	   3618	SPI.elf
'Finished building: SPI.elf.size'
' '
16:09:12 **** Incremental Build of configuration Debug for project SPI ****
make all 
make: Nothing to be done for 'all'.
16:09:53 **** Auto Build of configuration Debug for project SPI ****
make all 
'Building file: ../src/helloworld.c'
'Invoking: MicroBlaze gcc compiler'
mb-gcc -Wall -O0 -g3 -c -fmessage-length=0 -MT"src/helloworld.o" -I../../SPI_bsp/microblaze_0/include -mlittle-endian -mcpu=v11.0 -mxl-soft-mul -Wl,--no-relax -ffunction-sections -fdata-sections -MMD -MP -MF"src/helloworld.d" -MT"src/helloworld.o" -o "src/helloworld.o" "../src/helloworld.c"
../src/helloworld.c: In function 'main':
../src/helloworld.c:77:6: warning: variable 'Status' set but not used [-Wunused-but-set-variable]
  int Status;
      ^~~~~~
'Finished building: ../src/helloworld.c'
' '
'Building target: SPI.elf'
'Invoking: MicroBlaze gcc linker'
mb-gcc -Wl,-T -Wl,../src/lscript.ld -L../../SPI_bsp/microblaze_0/lib -mlittle-endian -mcpu=v11.0 -mxl-soft-mul -Wl,--no-relax -Wl,--gc-sections -o "SPI.elf"  ./src/helloworld.o ./src/platform.o   -Wl,--start-group,-lxil,-lgcc,-lc,--end-group
'Finished building target: SPI.elf'
' '
'Invoking: MicroBlaze Print Size'
mb-size SPI.elf  |tee "SPI.elf.size"
   text	   data	    bss	    dec	    hex	filename
  10304	    304	   3240	  13848	   3618	SPI.elf
'Finished building: SPI.elf.size'
' '
16:09:56 **** Incremental Build of configuration Debug for project SPI ****
make all 
make: Nothing to be done for 'all'.
16:10:12 **** Auto Build of configuration Debug for project SPI ****
make all 
'Building file: ../src/helloworld.c'
'Invoking: MicroBlaze gcc compiler'
mb-gcc -Wall -O0 -g3 -c -fmessage-length=0 -MT"src/helloworld.o" -I../../SPI_bsp/microblaze_0/include -mlittle-endian -mcpu=v11.0 -mxl-soft-mul -Wl,--no-relax -ffunction-sections -fdata-sections -MMD -MP -MF"src/helloworld.d" -MT"src/helloworld.o" -o "src/helloworld.o" "../src/helloworld.c"
../src/helloworld.c: In function 'main':
../src/helloworld.c:77:6: warning: variable 'Status' set but not used [-Wunused-but-set-variable]
  int Status;
      ^~~~~~
'Finished building: ../src/helloworld.c'
' '
'Building target: SPI.elf'
'Invoking: MicroBlaze gcc linker'
mb-gcc -Wl,-T -Wl,../src/lscript.ld -L../../SPI_bsp/microblaze_0/lib -mlittle-endian -mcpu=v11.0 -mxl-soft-mul -Wl,--no-relax -Wl,--gc-sections -o "SPI.elf"  ./src/helloworld.o ./src/platform.o   -Wl,--start-group,-lxil,-lgcc,-lc,--end-group
'Finished building target: SPI.elf'
' '
'Invoking: MicroBlaze Print Size'
mb-size SPI.elf  |tee "SPI.elf.size"
   text	   data	    bss	    dec	    hex	filename
  10304	    304	   3240	  13848	   3618	SPI.elf
'Finished building: SPI.elf.size'
' '
16:10:20 **** Incremental Build of configuration Debug for project SPI ****
make all 
make: Nothing to be done for 'all'.
16:10:56 **** Auto Build of configuration Debug for project SPI ****
make all 
'Building file: ../src/helloworld.c'
'Invoking: MicroBlaze gcc compiler'
mb-gcc -Wall -O0 -g3 -c -fmessage-length=0 -MT"src/helloworld.o" -I../../SPI_bsp/microblaze_0/include -mlittle-endian -mcpu=v11.0 -mxl-soft-mul -Wl,--no-relax -ffunction-sections -fdata-sections -MMD -MP -MF"src/helloworld.d" -MT"src/helloworld.o" -o "src/helloworld.o" "../src/helloworld.c"
../src/helloworld.c: In function 'main':
../src/helloworld.c:77:6: warning: variable 'Status' set but not used [-Wunused-but-set-variable]
  int Status;
      ^~~~~~
'Finished building: ../src/helloworld.c'
' '
'Building target: SPI.elf'
'Invoking: MicroBlaze gcc linker'
mb-gcc -Wl,-T -Wl,../src/lscript.ld -L../../SPI_bsp/microblaze_0/lib -mlittle-endian -mcpu=v11.0 -mxl-soft-mul -Wl,--no-relax -Wl,--gc-sections -o "SPI.elf"  ./src/helloworld.o ./src/platform.o   -Wl,--start-group,-lxil,-lgcc,-lc,--end-group
'Finished building target: SPI.elf'
' '
'Invoking: MicroBlaze Print Size'
mb-size SPI.elf  |tee "SPI.elf.size"
   text	   data	    bss	    dec	    hex	filename
  10304	    304	   3240	  13848	   3618	SPI.elf
'Finished building: SPI.elf.size'
' '
16:11:01 **** Incremental Build of configuration Debug for project SPI ****
make all 
make: Nothing to be done for 'all'.
16:11:33 **** Auto Build of configuration Debug for project SPI ****
make all 
'Building file: ../src/helloworld.c'
'Invoking: MicroBlaze gcc compiler'
mb-gcc -Wall -O0 -g3 -c -fmessage-length=0 -MT"src/helloworld.o" -I../../SPI_bsp/microblaze_0/include -mlittle-endian -mcpu=v11.0 -mxl-soft-mul -Wl,--no-relax -ffunction-sections -fdata-sections -MMD -MP -MF"src/helloworld.d" -MT"src/helloworld.o" -o "src/helloworld.o" "../src/helloworld.c"
../src/helloworld.c: In function 'main':
../src/helloworld.c:77:6: warning: variable 'Status' set but not used [-Wunused-but-set-variable]
  int Status;
      ^~~~~~
'Finished building: ../src/helloworld.c'
' '
'Building target: SPI.elf'
'Invoking: MicroBlaze gcc linker'
mb-gcc -Wl,-T -Wl,../src/lscript.ld -L../../SPI_bsp/microblaze_0/lib -mlittle-endian -mcpu=v11.0 -mxl-soft-mul -Wl,--no-relax -Wl,--gc-sections -o "SPI.elf"  ./src/helloworld.o ./src/platform.o   -Wl,--start-group,-lxil,-lgcc,-lc,--end-group
'Finished building target: SPI.elf'
' '
'Invoking: MicroBlaze Print Size'
mb-size SPI.elf  |tee "SPI.elf.size"
   text	   data	    bss	    dec	    hex	filename
  10304	    304	   3240	  13848	   3618	SPI.elf
'Finished building: SPI.elf.size'
' '
16:11:59 **** Incremental Build of configuration Debug for project SPI ****
make all 
make: Nothing to be done for 'all'.
16:12:19 **** Auto Build of configuration Debug for project SPI ****
make all 
'Building file: ../src/helloworld.c'
'Invoking: MicroBlaze gcc compiler'
mb-gcc -Wall -O0 -g3 -c -fmessage-length=0 -MT"src/helloworld.o" -I../../SPI_bsp/microblaze_0/include -mlittle-endian -mcpu=v11.0 -mxl-soft-mul -Wl,--no-relax -ffunction-sections -fdata-sections -MMD -MP -MF"src/helloworld.d" -MT"src/helloworld.o" -o "src/helloworld.o" "../src/helloworld.c"
../src/helloworld.c: In function 'main':
../src/helloworld.c:77:6: warning: variable 'Status' set but not used [-Wunused-but-set-variable]
  int Status;
      ^~~~~~
'Finished building: ../src/helloworld.c'
' '
'Building target: SPI.elf'
'Invoking: MicroBlaze gcc linker'
mb-gcc -Wl,-T -Wl,../src/lscript.ld -L../../SPI_bsp/microblaze_0/lib -mlittle-endian -mcpu=v11.0 -mxl-soft-mul -Wl,--no-relax -Wl,--gc-sections -o "SPI.elf"  ./src/helloworld.o ./src/platform.o   -Wl,--start-group,-lxil,-lgcc,-lc,--end-group
'Finished building target: SPI.elf'
' '
'Invoking: MicroBlaze Print Size'
mb-size SPI.elf  |tee "SPI.elf.size"
   text	   data	    bss	    dec	    hex	filename
  10304	    304	   3240	  13848	   3618	SPI.elf
'Finished building: SPI.elf.size'
' '
16:12:24 **** Incremental Build of configuration Debug for project SPI ****
make all 
make: Nothing to be done for 'all'.
16:13:42 **** Auto Build of configuration Debug for project SPI ****
make all 
'Building file: ../src/helloworld.c'
'Invoking: MicroBlaze gcc compiler'
mb-gcc -Wall -O0 -g3 -c -fmessage-length=0 -MT"src/helloworld.o" -I../../SPI_bsp/microblaze_0/include -mlittle-endian -mcpu=v11.0 -mxl-soft-mul -Wl,--no-relax -ffunction-sections -fdata-sections -MMD -MP -MF"src/helloworld.d" -MT"src/helloworld.o" -o "src/helloworld.o" "../src/helloworld.c"
../src/helloworld.c: In function 'main':
../src/helloworld.c:77:6: warning: variable 'Status' set but not used [-Wunused-but-set-variable]
  int Status;
      ^~~~~~
'Finished building: ../src/helloworld.c'
' '
'Building target: SPI.elf'
'Invoking: MicroBlaze gcc linker'
mb-gcc -Wl,-T -Wl,../src/lscript.ld -L../../SPI_bsp/microblaze_0/lib -mlittle-endian -mcpu=v11.0 -mxl-soft-mul -Wl,--no-relax -Wl,--gc-sections -o "SPI.elf"  ./src/helloworld.o ./src/platform.o   -Wl,--start-group,-lxil,-lgcc,-lc,--end-group
'Finished building target: SPI.elf'
' '
'Invoking: MicroBlaze Print Size'
mb-size SPI.elf  |tee "SPI.elf.size"
   text	   data	    bss	    dec	    hex	filename
  10320	    304	   3240	  13864	   3628	SPI.elf
'Finished building: SPI.elf.size'
' '
16:13:48 **** Incremental Build of configuration Debug for project SPI ****
make all 
make: Nothing to be done for 'all'.
16:21:44 **** Auto Build of configuration Debug for project SPI ****
make all 
'Building file: ../src/helloworld.c'
'Invoking: MicroBlaze gcc compiler'
mb-gcc -Wall -O0 -g3 -c -fmessage-length=0 -MT"src/helloworld.o" -I../../SPI_bsp/microblaze_0/include -mlittle-endian -mcpu=v11.0 -mxl-soft-mul -Wl,--no-relax -ffunction-sections -fdata-sections -MMD -MP -MF"src/helloworld.d" -MT"src/helloworld.o" -o "src/helloworld.o" "../src/helloworld.c"
../src/helloworld.c: In function 'main':
../src/helloworld.c:77:6: warning: variable 'Status' set but not used [-Wunused-but-set-variable]
  int Status;
      ^~~~~~
'Finished building: ../src/helloworld.c'
' '
'Building target: SPI.elf'
'Invoking: MicroBlaze gcc linker'
mb-gcc -Wl,-T -Wl,../src/lscript.ld -L../../SPI_bsp/microblaze_0/lib -mlittle-endian -mcpu=v11.0 -mxl-soft-mul -Wl,--no-relax -Wl,--gc-sections -o "SPI.elf"  ./src/helloworld.o ./src/platform.o   -Wl,--start-group,-lxil,-lgcc,-lc,--end-group
'Finished building target: SPI.elf'
' '
'Invoking: MicroBlaze Print Size'
mb-size SPI.elf  |tee "SPI.elf.size"
   text	   data	    bss	    dec	    hex	filename
  10232	    304	   3240	  13776	   35d0	SPI.elf
'Finished building: SPI.elf.size'
' '
16:21:48 **** Incremental Build of configuration Debug for project SPI ****
make all 
make: Nothing to be done for 'all'.
16:25:35 **** Auto Build of configuration Debug for project SPI ****
make all 
'Building file: ../src/helloworld.c'
'Invoking: MicroBlaze gcc compiler'
mb-gcc -Wall -O0 -g3 -c -fmessage-length=0 -MT"src/helloworld.o" -I../../SPI_bsp/microblaze_0/include -mlittle-endian -mcpu=v11.0 -mxl-soft-mul -Wl,--no-relax -ffunction-sections -fdata-sections -MMD -MP -MF"src/helloworld.d" -MT"src/helloworld.o" -o "src/helloworld.o" "../src/helloworld.c"
../src/helloworld.c: In function 'main':
../src/helloworld.c:77:6: warning: variable 'Status' set but not used [-Wunused-but-set-variable]
  int Status;
      ^~~~~~
'Finished building: ../src/helloworld.c'
' '
'Building target: SPI.elf'
'Invoking: MicroBlaze gcc linker'
mb-gcc -Wl,-T -Wl,../src/lscript.ld -L../../SPI_bsp/microblaze_0/lib -mlittle-endian -mcpu=v11.0 -mxl-soft-mul -Wl,--no-relax -Wl,--gc-sections -o "SPI.elf"  ./src/helloworld.o ./src/platform.o   -Wl,--start-group,-lxil,-lgcc,-lc,--end-group
'Finished building target: SPI.elf'
' '
'Invoking: MicroBlaze Print Size'
mb-size SPI.elf  |tee "SPI.elf.size"
   text	   data	    bss	    dec	    hex	filename
  10036	    304	   3244	  13584	   3510	SPI.elf
'Finished building: SPI.elf.size'
' '
16:25:38 **** Incremental Build of configuration Debug for project SPI ****
make all 
make: Nothing to be done for 'all'.
16:26:06 **** Auto Build of configuration Debug for project SPI ****
make all 
'Building file: ../src/helloworld.c'
'Invoking: MicroBlaze gcc compiler'
mb-gcc -Wall -O0 -g3 -c -fmessage-length=0 -MT"src/helloworld.o" -I../../SPI_bsp/microblaze_0/include -mlittle-endian -mcpu=v11.0 -mxl-soft-mul -Wl,--no-relax -ffunction-sections -fdata-sections -MMD -MP -MF"src/helloworld.d" -MT"src/helloworld.o" -o "src/helloworld.o" "../src/helloworld.c"
../src/helloworld.c: In function 'main':
../src/helloworld.c:77:6: warning: variable 'Status' set but not used [-Wunused-but-set-variable]
  int Status;
      ^~~~~~
'Finished building: ../src/helloworld.c'
' '
'Building target: SPI.elf'
'Invoking: MicroBlaze gcc linker'
mb-gcc -Wl,-T -Wl,../src/lscript.ld -L../../SPI_bsp/microblaze_0/lib -mlittle-endian -mcpu=v11.0 -mxl-soft-mul -Wl,--no-relax -Wl,--gc-sections -o "SPI.elf"  ./src/helloworld.o ./src/platform.o   -Wl,--start-group,-lxil,-lgcc,-lc,--end-group
'Finished building target: SPI.elf'
' '
'Invoking: MicroBlaze Print Size'
mb-size SPI.elf  |tee "SPI.elf.size"
   text	   data	    bss	    dec	    hex	filename
  10056	    304	   3240	  13600	   3520	SPI.elf
'Finished building: SPI.elf.size'
' '
16:39:33 **** Auto Build of configuration Debug for project SPI ****
make all 
'Building file: ../src/helloworld.c'
'Invoking: MicroBlaze gcc compiler'
mb-gcc -Wall -O0 -g3 -c -fmessage-length=0 -MT"src/helloworld.o" -I../../SPI_bsp/microblaze_0/include -mlittle-endian -mcpu=v11.0 -mxl-soft-mul -Wl,--no-relax -ffunction-sections -fdata-sections -MMD -MP -MF"src/helloworld.d" -MT"src/helloworld.o" -o "src/helloworld.o" "../src/helloworld.c"
../src/helloworld.c: In function 'main':
../src/helloworld.c:77:6: warning: variable 'Status' set but not used [-Wunused-but-set-variable]
  int Status;
      ^~~~~~
'Finished building: ../src/helloworld.c'
' '
'Building target: SPI.elf'
'Invoking: MicroBlaze gcc linker'
mb-gcc -Wl,-T -Wl,../src/lscript.ld -L../../SPI_bsp/microblaze_0/lib -mlittle-endian -mcpu=v11.0 -mxl-soft-mul -Wl,--no-relax -Wl,--gc-sections -o "SPI.elf"  ./src/helloworld.o ./src/platform.o   -Wl,--start-group,-lxil,-lgcc,-lc,--end-group
'Finished building target: SPI.elf'
' '
'Invoking: MicroBlaze Print Size'
mb-size SPI.elf  |tee "SPI.elf.size"
   text	   data	    bss	    dec	    hex	filename
   9876	    304	   3244	  13424	   3470	SPI.elf
'Finished building: SPI.elf.size'
' '
16:39:37 **** Incremental Build of configuration Debug for project SPI ****
make all 
make: Nothing to be done for 'all'.
16:39:56 **** Auto Build of configuration Debug for project SPI ****
make all 
'Building file: ../src/helloworld.c'
'Invoking: MicroBlaze gcc compiler'
mb-gcc -Wall -O0 -g3 -c -fmessage-length=0 -MT"src/helloworld.o" -I../../SPI_bsp/microblaze_0/include -mlittle-endian -mcpu=v11.0 -mxl-soft-mul -Wl,--no-relax -ffunction-sections -fdata-sections -MMD -MP -MF"src/helloworld.d" -MT"src/helloworld.o" -o "src/helloworld.o" "../src/helloworld.c"
../src/helloworld.c: In function 'main':
../src/helloworld.c:77:6: warning: variable 'Status' set but not used [-Wunused-but-set-variable]
  int Status;
      ^~~~~~
'Finished building: ../src/helloworld.c'
' '
'Building target: SPI.elf'
'Invoking: MicroBlaze gcc linker'
mb-gcc -Wl,-T -Wl,../src/lscript.ld -L../../SPI_bsp/microblaze_0/lib -mlittle-endian -mcpu=v11.0 -mxl-soft-mul -Wl,--no-relax -Wl,--gc-sections -o "SPI.elf"  ./src/helloworld.o ./src/platform.o   -Wl,--start-group,-lxil,-lgcc,-lc,--end-group
'Finished building target: SPI.elf'
' '
'Invoking: MicroBlaze Print Size'
mb-size SPI.elf  |tee "SPI.elf.size"
   text	   data	    bss	    dec	    hex	filename
   9812	    304	   3244	  13360	   3430	SPI.elf
'Finished building: SPI.elf.size'
' '
16:40:43 **** Incremental Build of configuration Debug for project SPI ****
make all 
make: Nothing to be done for 'all'.
16:51:50 **** Auto Build of configuration Debug for project SPI ****
make all 
'Building file: ../src/helloworld.c'
'Invoking: MicroBlaze gcc compiler'
[...]
make all 
'Building file: ../src/helloworld.c'
'Invoking: MicroBlaze gcc compiler'
mb-gcc -Wall -O0 -g3 -c -fmessage-length=0 -MT"src/helloworld.o" -I../../SPIswitch_bsp/microblaze_0/include -mlittle-endian -mcpu=v11.0 -mxl-soft-mul -Wl,--no-relax -ffunction-sections -fdata-sections -MMD -MP -MF"src/helloworld.d" -MT"src/helloworld.o" -o "src/helloworld.o" "../src/helloworld.c"
../src/helloworld.c: In function 'main':
../src/helloworld.c:127:6: warning: variable 'Status' set but not used [-Wunused-but-set-variable]
  int Status;
      ^~~~~~
'Finished building: ../src/helloworld.c'
' '
'Building target: SPIswitch.elf'
'Invoking: MicroBlaze gcc linker'
mb-gcc -Wl,-T -Wl,../src/lscript.ld -L../../SPIswitch_bsp/microblaze_0/lib -mlittle-endian -mcpu=v11.0 -mxl-soft-mul -Wl,--no-relax -Wl,--gc-sections -o "SPIswitch.elf"  ./src/helloworld.o ./src/platform.o   -Wl,--start-group,-lxil,-lgcc,-lc,--end-group
'Finished building target: SPIswitch.elf'
' '
'Invoking: MicroBlaze Print Size'
mb-size SPIswitch.elf  |tee "SPIswitch.elf.size"
   text	   data	    bss	    dec	    hex	filename
   9932	    304	   3252	  13488	   34b0	SPIswitch.elf
'Finished building: SPIswitch.elf.size'
' '
09:25:41 **** Incremental Build of configuration Debug for project SPIswitch ****
make all 
make: Nothing to be done for 'all'.
09:27:22 **** Incremental Build of configuration Debug for project SPIswitch ****
make all 
make: Nothing to be done for 'all'.
09:29:09 **** Auto Build of configuration Debug for project SPIswitch ****
make all 
'Building file: ../src/helloworld.c'
'Invoking: MicroBlaze gcc compiler'
mb-gcc -Wall -O0 -g3 -c -fmessage-length=0 -MT"src/helloworld.o" -I../../SPIswitch_bsp/microblaze_0/include -mlittle-endian -mcpu=v11.0 -mxl-soft-mul -Wl,--no-relax -ffunction-sections -fdata-sections -MMD -MP -MF"src/helloworld.d" -MT"src/helloworld.o" -o "src/helloworld.o" "../src/helloworld.c"
../src/helloworld.c: In function 'main':
../src/helloworld.c:127:6: warning: variable 'Status' set but not used [-Wunused-but-set-variable]
  int Status;
      ^~~~~~
../src/helloworld.c: In function 'bufferWriter':
../src/helloworld.c:177:30: warning: passing argument 2 of 'XSpi_Transfer' from incompatible pointer type [-Wincompatible-pointer-types]
  XSpi_Transfer(&SpiInstance, &outData, ReadBuffer, ByteCount);
                              ^
In file included from ../src/helloworld.c:52:0:
../../SPIswitch_bsp/microblaze_0/include/xspi.h:822:5: note: expected 'u8 * {aka unsigned char *}' but argument is of type 'unsigned char **'
 int XSpi_Transfer(XSpi *InstancePtr, u8 *SendBufPtr, u8 *RecvBufPtr,
     ^~~~~~~~~~~~~
'Finished building: ../src/helloworld.c'
' '
'Building target: SPIswitch.elf'
'Invoking: MicroBlaze gcc linker'
mb-gcc -Wl,-T -Wl,../src/lscript.ld -L../../SPIswitch_bsp/microblaze_0/lib -mlittle-endian -mcpu=v11.0 -mxl-soft-mul -Wl,--no-relax -Wl,--gc-sections -o "SPIswitch.elf"  ./src/helloworld.o ./src/platform.o   -Wl,--start-group,-lxil,-lgcc,-lc,--end-group
'Finished building target: SPIswitch.elf'
' '
'Invoking: MicroBlaze Print Size'
mb-size SPIswitch.elf  |tee "SPIswitch.elf.size"
   text	   data	    bss	    dec	    hex	filename
   9932	    304	   3252	  13488	   34b0	SPIswitch.elf
'Finished building: SPIswitch.elf.size'
' '
09:29:12 **** Incremental Build of configuration Debug for project SPIswitch ****
make all 
make: Nothing to be done for 'all'.
09:29:23 **** Auto Build of configuration Debug for project SPIswitch ****
make all 
'Building file: ../src/helloworld.c'
'Invoking: MicroBlaze gcc compiler'
mb-gcc -Wall -O0 -g3 -c -fmessage-length=0 -MT"src/helloworld.o" -I../../SPIswitch_bsp/microblaze_0/include -mlittle-endian -mcpu=v11.0 -mxl-soft-mul -Wl,--no-relax -ffunction-sections -fdata-sections -MMD -MP -MF"src/helloworld.d" -MT"src/helloworld.o" -o "src/helloworld.o" "../src/helloworld.c"
../src/helloworld.c: In function 'main':
../src/helloworld.c:127:6: warning: variable 'Status' set but not used [-Wunused-but-set-variable]
  int Status;
      ^~~~~~
../src/helloworld.c: In function 'bufferWriter':
../src/helloworld.c:177:30: warning: passing argument 2 of 'XSpi_Transfer' makes pointer from integer without a cast [-Wint-conversion]
  XSpi_Transfer(&SpiInstance, *outData, ReadBuffer, ByteCount);
                              ^
In file included from ../src/helloworld.c:52:0:
../../SPIswitch_bsp/microblaze_0/include/xspi.h:822:5: note: expected 'u8 * {aka unsigned char *}' but argument is of type 'unsigned char'
 int XSpi_Transfer(XSpi *InstancePtr, u8 *SendBufPtr, u8 *RecvBufPtr,
     ^~~~~~~~~~~~~
'Finished building: ../src/helloworld.c'
' '
'Building target: SPIswitch.elf'
'Invoking: MicroBlaze gcc linker'
mb-gcc -Wl,-T -Wl,../src/lscript.ld -L../../SPIswitch_bsp/microblaze_0/lib -mlittle-endian -mcpu=v11.0 -mxl-soft-mul -Wl,--no-relax -Wl,--gc-sections -o "SPIswitch.elf"  ./src/helloworld.o ./src/platform.o   -Wl,--start-group,-lxil,-lgcc,-lc,--end-group
'Finished building target: SPIswitch.elf'
' '
'Invoking: MicroBlaze Print Size'
mb-size SPIswitch.elf  |tee "SPIswitch.elf.size"
   text	   data	    bss	    dec	    hex	filename
   9940	    304	   3252	  13496	   34b8	SPIswitch.elf
'Finished building: SPIswitch.elf.size'
' '
09:29:24 **** Incremental Build of configuration Debug for project SPIswitch ****
make all 
make: Nothing to be done for 'all'.
09:29:55 **** Auto Build of configuration Debug for project SPIswitch ****
make all 
'Building file: ../src/helloworld.c'
'Invoking: MicroBlaze gcc compiler'
mb-gcc -Wall -O0 -g3 -c -fmessage-length=0 -MT"src/helloworld.o" -I../../SPIswitch_bsp/microblaze_0/include -mlittle-endian -mcpu=v11.0 -mxl-soft-mul -Wl,--no-relax -ffunction-sections -fdata-sections -MMD -MP -MF"src/helloworld.d" -MT"src/helloworld.o" -o "src/helloworld.o" "../src/helloworld.c"
../src/helloworld.c: In function 'main':
../src/helloworld.c:127:6: warning: variable 'Status' set but not used [-Wunused-but-set-variable]
  int Status;
      ^~~~~~
'Finished building: ../src/helloworld.c'
' '
'Building target: SPIswitch.elf'
'Invoking: MicroBlaze gcc linker'
mb-gcc -Wl,-T -Wl,../src/lscript.ld -L../../SPIswitch_bsp/microblaze_0/lib -mlittle-endian -mcpu=v11.0 -mxl-soft-mul -Wl,--no-relax -Wl,--gc-sections -o "SPIswitch.elf"  ./src/helloworld.o ./src/platform.o   -Wl,--start-group,-lxil,-lgcc,-lc,--end-group
'Finished building target: SPIswitch.elf'
' '
'Invoking: MicroBlaze Print Size'
mb-size SPIswitch.elf  |tee "SPIswitch.elf.size"
   text	   data	    bss	    dec	    hex	filename
   9928	    304	   3248	  13480	   34a8	SPIswitch.elf
'Finished building: SPIswitch.elf.size'
' '
09:29:57 **** Incremental Build of configuration Debug for project SPIswitch ****
make all 
make: Nothing to be done for 'all'.
09:30:26 **** Auto Build of configuration Debug for project SPIswitch ****
make all 
'Building file: ../src/helloworld.c'
'Invoking: MicroBlaze gcc compiler'
mb-gcc -Wall -O0 -g3 -c -fmessage-length=0 -MT"src/helloworld.o" -I../../SPIswitch_bsp/microblaze_0/include -mlittle-endian -mcpu=v11.0 -mxl-soft-mul -Wl,--no-relax -ffunction-sections -fdata-sections -MMD -MP -MF"src/helloworld.d" -MT"src/helloworld.o" -o "src/helloworld.o" "../src/helloworld.c"
../src/helloworld.c: In function 'main':
../src/helloworld.c:127:6: warning: variable 'Status' set but not used [-Wunused-but-set-variable]
  int Status;
      ^~~~~~
'Finished building: ../src/helloworld.c'
' '
'Building target: SPIswitch.elf'
'Invoking: MicroBlaze gcc linker'
mb-gcc -Wl,-T -Wl,../src/lscript.ld -L../../SPIswitch_bsp/microblaze_0/lib -mlittle-endian -mcpu=v11.0 -mxl-soft-mul -Wl,--no-relax -Wl,--gc-sections -o "SPIswitch.elf"  ./src/helloworld.o ./src/platform.o   -Wl,--start-group,-lxil,-lgcc,-lc,--end-group
'Finished building target: SPIswitch.elf'
' '
'Invoking: MicroBlaze Print Size'
mb-size SPIswitch.elf  |tee "SPIswitch.elf.size"
   text	   data	    bss	    dec	    hex	filename
   9928	    304	   3248	  13480	   34a8	SPIswitch.elf
'Finished building: SPIswitch.elf.size'
' '
09:30:31 **** Incremental Build of configuration Debug for project SPIswitch ****
make all 
make: Nothing to be done for 'all'.
09:33:37 **** Incremental Build of configuration Debug for project SPIswitch ****
make all 
'Building file: ../src/helloworld.c'
'Invoking: MicroBlaze gcc compiler'
mb-gcc -Wall -O0 -g3 -c -fmessage-length=0 -MT"src/helloworld.o" -I../../SPIswitch_bsp/microblaze_0/include -mlittle-endian -mcpu=v11.0 -mxl-soft-mul -Wl,--no-relax -ffunction-sections -fdata-sections -MMD -MP -MF"src/helloworld.d" -MT"src/helloworld.o" -o "src/helloworld.o" "../src/helloworld.c"
../src/helloworld.c: In function 'main':
../src/helloworld.c:74:16: warning: passing argument 1 of 'bufferWriter' makes pointer from integer without a cast [-Wint-conversion]
 #define ESTATH 0x1B
                ^
../src/helloworld.c:160:16: note: in expansion of macro 'ESTATH'
   bufferWriter(ESTATH, 0x00, 0x00, 0x00, 2); //ESTATH
                ^~~~~~
../src/helloworld.c:115:6: note: expected 'unsigned char *' but argument is of type 'int'
 void bufferWriter(unsigned char *outData, int ByteCount );
      ^~~~~~~~~~~~
../src/helloworld.c:160:3: error: too many arguments to function 'bufferWriter'
   bufferWriter(ESTATH, 0x00, 0x00, 0x00, 2); //ESTATH
   ^~~~~~~~~~~~
../src/helloworld.c:115:6: note: declared here
 void bufferWriter(unsigned char *outData, int ByteCount );
      ^~~~~~~~~~~~
../src/helloworld.c:127:6: warning: variable 'Status' set but not used [-Wunused-but-set-variable]
  int Status;
      ^~~~~~
make: *** [src/subdir.mk:26: src/helloworld.o] Error 1
09:33:53 **** Auto Build of configuration Debug for project SPIswitch ****
make all 
'Building file: ../src/helloworld.c'
'Invoking: MicroBlaze gcc compiler'
mb-gcc -Wall -O0 -g3 -c -fmessage-length=0 -MT"src/helloworld.o" -I../../SPIswitch_bsp/microblaze_0/include -mlittle-endian -mcpu=v11.0 -mxl-soft-mul -Wl,--no-relax -ffunction-sections -fdata-sections -MMD -MP -MF"src/helloworld.d" -MT"src/helloworld.o" -o "src/helloworld.o" "../src/helloworld.c"
../src/helloworld.c: In function 'main':
../src/helloworld.c:127:6: warning: variable 'Status' set but not used [-Wunused-but-set-variable]
  int Status;
      ^~~~~~
'Finished building: ../src/helloworld.c'
' '
'Building target: SPIswitch.elf'
'Invoking: MicroBlaze gcc linker'
mb-gcc -Wl,-T -Wl,../src/lscript.ld -L../../SPIswitch_bsp/microblaze_0/lib -mlittle-endian -mcpu=v11.0 -mxl-soft-mul -Wl,--no-relax -Wl,--gc-sections -o "SPIswitch.elf"  ./src/helloworld.o ./src/platform.o   -Wl,--start-group,-lxil,-lgcc,-lc,--end-group
'Finished building target: SPIswitch.elf'
' '
'Invoking: MicroBlaze Print Size'
mb-size SPIswitch.elf  |tee "SPIswitch.elf.size"
   text	   data	    bss	    dec	    hex	filename
   9988	    304	   3252	  13544	   34e8	SPIswitch.elf
'Finished building: SPIswitch.elf.size'
' '
09:33:57 **** Incremental Build of configuration Debug for project SPIswitch ****
make all 
make: Nothing to be done for 'all'.
09:36:05 **** Incremental Build of configuration Debug for project SPIswitch ****
make all 
'Building file: ../src/helloworld.c'
'Invoking: MicroBlaze gcc compiler'
mb-gcc -Wall -O0 -g3 -c -fmessage-length=0 -MT"src/helloworld.o" -I../../SPIswitch_bsp/microblaze_0/include -mlittle-endian -mcpu=v11.0 -mxl-soft-mul -Wl,--no-relax -ffunction-sections -fdata-sections -MMD -MP -MF"src/helloworld.d" -MT"src/helloworld.o" -o "src/helloworld.o" "../src/helloworld.c"
../src/helloworld.c: In function 'main':
../src/helloworld.c:127:6: warning: variable 'Status' set but not used [-Wunused-but-set-variable]
  int Status;
      ^~~~~~
'Finished building: ../src/helloworld.c'
' '
'Building target: SPIswitch.elf'
'Invoking: MicroBlaze gcc linker'
mb-gcc -Wl,-T -Wl,../src/lscript.ld -L../../SPIswitch_bsp/microblaze_0/lib -mlittle-endian -mcpu=v11.0 -mxl-soft-mul -Wl,--no-relax -Wl,--gc-sections -o "SPIswitch.elf"  ./src/helloworld.o ./src/platform.o   -Wl,--start-group,-lxil,-lgcc,-lc,--end-group
'Finished building target: SPIswitch.elf'
' '
'Invoking: MicroBlaze Print Size'
mb-size SPIswitch.elf  |tee "SPIswitch.elf.size"
   text	   data	    bss	    dec	    hex	filename
  10076	    304	   3252	  13632	   3540	SPIswitch.elf
'Finished building: SPIswitch.elf.size'
' '
09:37:58 **** Auto Build of configuration Debug for project SPIswitch ****
make all 
'Building file: ../src/helloworld.c'
'Invoking: MicroBlaze gcc compiler'
mb-gcc -Wall -O0 -g3 -c -fmessage-length=0 -MT"src/helloworld.o" -I../../SPIswitch_bsp/microblaze_0/include -mlittle-endian -mcpu=v11.0 -mxl-soft-mul -Wl,--no-relax -ffunction-sections -fdata-sections -MMD -MP -MF"src/helloworld.d" -MT"src/helloworld.o" -o "src/helloworld.o" "../src/helloworld.c"
../src/helloworld.c: In function 'main':
../src/helloworld.c:127:6: warning: variable 'Status' set but not used [-Wunused-but-set-variable]
  int Status;
      ^~~~~~
'Finished building: ../src/helloworld.c'
' '
'Building target: SPIswitch.elf'
'Invoking: MicroBlaze gcc linker'
mb-gcc -Wl,-T -Wl,../src/lscript.ld -L../../SPIswitch_bsp/microblaze_0/lib -mlittle-endian -mcpu=v11.0 -mxl-soft-mul -Wl,--no-relax -Wl,--gc-sections -o "SPIswitch.elf"  ./src/helloworld.o ./src/platform.o   -Wl,--start-group,-lxil,-lgcc,-lc,--end-group
'Finished building target: SPIswitch.elf'
' '
'Invoking: MicroBlaze Print Size'
mb-size SPIswitch.elf  |tee "SPIswitch.elf.size"
   text	   data	    bss	    dec	    hex	filename
  10244	    304	   3252	  13800	   35e8	SPIswitch.elf
'Finished building: SPIswitch.elf.size'
' '
09:37:59 **** Incremental Build of configuration Debug for project SPIswitch ****
make all 
make: Nothing to be done for 'all'.
09:38:21 **** Incremental Build of configuration Debug for project SPIswitch ****
make all 
'Building file: ../src/helloworld.c'
'Invoking: MicroBlaze gcc compiler'
mb-gcc -Wall -O0 -g3 -c -fmessage-length=0 -MT"src/helloworld.o" -I../../SPIswitch_bsp/microblaze_0/include -mlittle-endian -mcpu=v11.0 -mxl-soft-mul -Wl,--no-relax -ffunction-sections -fdata-sections -MMD -MP -MF"src/helloworld.d" -MT"src/helloworld.o" -o "src/helloworld.o" "../src/helloworld.c"
../src/helloworld.c: In function 'main':
../src/helloworld.c:127:6: warning: variable 'Status' set but not used [-Wunused-but-set-variable]
  int Status;
      ^~~~~~
'Finished building: ../src/helloworld.c'
' '
'Building target: SPIswitch.elf'
'Invoking: MicroBlaze gcc linker'
mb-gcc -Wl,-T -Wl,../src/lscript.ld -L../../SPIswitch_bsp/microblaze_0/lib -mlittle-endian -mcpu=v11.0 -mxl-soft-mul -Wl,--no-relax -Wl,--gc-sections -o "SPIswitch.elf"  ./src/helloworld.o ./src/platform.o   -Wl,--start-group,-lxil,-lgcc,-lc,--end-group
'Finished building target: SPIswitch.elf'
' '
'Invoking: MicroBlaze Print Size'
mb-size SPIswitch.elf  |tee "SPIswitch.elf.size"
   text	   data	    bss	    dec	    hex	filename
  10240	    304	   3248	  13792	   35e0	SPIswitch.elf
'Finished building: SPIswitch.elf.size'
' '
09:38:38 **** Auto Build of configuration Debug for project SPIswitch ****
make all 
'Building file: ../src/helloworld.c'
'Invoking: MicroBlaze gcc compiler'
mb-gcc -Wall -O0 -g3 -c -fmessage-length=0 -MT"src/helloworld.o" -I../../SPIswitch_bsp/microblaze_0/include -mlittle-endian -mcpu=v11.0 -mxl-soft-mul -Wl,--no-relax -ffunction-sections -fdata-sections -MMD -MP -MF"src/helloworld.d" -MT"src/helloworld.o" -o "src/helloworld.o" "../src/helloworld.c"
../src/helloworld.c: In function 'main':
../src/helloworld.c:127:6: warning: variable 'Status' set but not used [-Wunused-but-set-variable]
  int Status;
      ^~~~~~
'Finished building: ../src/helloworld.c'
' '
'Building target: SPIswitch.elf'
'Invoking: MicroBlaze gcc linker'
mb-gcc -Wl,-T -Wl,../src/lscript.ld -L../../SPIswitch_bsp/microblaze_0/lib -mlittle-endian -mcpu=v11.0 -mxl-soft-mul -Wl,--no-relax -Wl,--gc-sections -o "SPIswitch.elf"  ./src/helloworld.o ./src/platform.o   -Wl,--start-group,-lxil,-lgcc,-lc,--end-group
'Finished building target: SPIswitch.elf'
' '
'Invoking: MicroBlaze Print Size'
mb-size SPIswitch.elf  |tee "SPIswitch.elf.size"
   text	   data	    bss	    dec	    hex	filename
  10236	    304	   3252	  13792	   35e0	SPIswitch.elf
'Finished building: SPIswitch.elf.size'
' '
09:38:44 **** Incremental Build of configuration Debug for project SPIswitch ****
make all 
'Building file: ../src/helloworld.c'
'Invoking: MicroBlaze gcc compiler'
mb-gcc -Wall -O0 -g3 -c -fmessage-length=0 -MT"src/helloworld.o" -I../../SPIswitch_bsp/microblaze_0/include -mlittle-endian -mcpu=v11.0 -mxl-soft-mul -Wl,--no-relax -ffunction-sections -fdata-sections -MMD -MP -MF"src/helloworld.d" -MT"src/helloworld.o" -o "src/helloworld.o" "../src/helloworld.c"
../src/helloworld.c: In function 'main':
../src/helloworld.c:127:6: warning: variable 'Status' set but not used [-Wunused-but-set-variable]
  int Status;
      ^~~~~~
'Finished building: ../src/helloworld.c'
' '
'Building target: SPIswitch.elf'
'Invoking: MicroBlaze gcc linker'
mb-gcc -Wl,-T -Wl,../src/lscript.ld -L../../SPIswitch_bsp/microblaze_0/lib -mlittle-endian -mcpu=v11.0 -mxl-soft-mul -Wl,--no-relax -Wl,--gc-sections -o "SPIswitch.elf"  ./src/helloworld.o ./src/platform.o   -Wl,--start-group,-lxil,-lgcc,-lc,--end-group
'Finished building target: SPIswitch.elf'
' '
'Invoking: MicroBlaze Print Size'
mb-size SPIswitch.elf  |tee "SPIswitch.elf.size"
   text	   data	    bss	    dec	    hex	filename
  10236	    304	   3252	  13792	   35e0	SPIswitch.elf
'Finished building: SPIswitch.elf.size'
' '
09:40:36 **** Auto Build of configuration Debug for project SPIswitch ****
make all 
'Building file: ../src/helloworld.c'
'Invoking: MicroBlaze gcc compiler'
mb-gcc -Wall -O0 -g3 -c -fmessage-length=0 -MT"src/helloworld.o" -I../../SPIswitch_bsp/microblaze_0/include -mlittle-endian -mcpu=v11.0 -mxl-soft-mul -Wl,--no-relax -ffunction-sections -fdata-sections -MMD -MP -MF"src/helloworld.d" -MT"src/helloworld.o" -o "src/helloworld.o" "../src/helloworld.c"
../src/helloworld.c: In function 'main':
../src/helloworld.c:127:6: warning: variable 'Status' set but not used [-Wunused-but-set-variable]
  int Status;
      ^~~~~~
'Finished building: ../src/helloworld.c'
' '
'Building target: SPIswitch.elf'
'Invoking: MicroBlaze gcc linker'
mb-gcc -Wl,-T -Wl,../src/lscript.ld -L../../SPIswitch_bsp/microblaze_0/lib -mlittle-endian -mcpu=v11.0 -mxl-soft-mul -Wl,--no-relax -Wl,--gc-sections -o "SPIswitch.elf"  ./src/helloworld.o ./src/platform.o   -Wl,--start-group,-lxil,-lgcc,-lc,--end-group
'Finished building target: SPIswitch.elf'
' '
'Invoking: MicroBlaze Print Size'
mb-size SPIswitch.elf  |tee "SPIswitch.elf.size"
   text	   data	    bss	    dec	    hex	filename
  10328	    304	   3248	  13880	   3638	SPIswitch.elf
'Finished building: SPIswitch.elf.size'
' '
09:40:41 **** Incremental Build of configuration Debug for project SPIswitch ****
make all 
'Building file: ../src/helloworld.c'
'Invoking: MicroBlaze gcc compiler'
mb-gcc -Wall -O0 -g3 -c -fmessage-length=0 -MT"src/helloworld.o" -I../../SPIswitch_bsp/microblaze_0/include -mlittle-endian -mcpu=v11.0 -mxl-soft-mul -Wl,--no-relax -ffunction-sections -fdata-sections -MMD -MP -MF"src/helloworld.d" -MT"src/helloworld.o" -o "src/helloworld.o" "../src/helloworld.c"
../src/helloworld.c: In function 'main':
../src/helloworld.c:127:6: warning: variable 'Status' set but not used [-Wunused-but-set-variable]
  int Status;
      ^~~~~~
'Finished building: ../src/helloworld.c'
' '
'Building target: SPIswitch.elf'
'Invoking: MicroBlaze gcc linker'
mb-gcc -Wl,-T -Wl,../src/lscript.ld -L../../SPIswitch_bsp/microblaze_0/lib -mlittle-endian -mcpu=v11.0 -mxl-soft-mul -Wl,--no-relax -Wl,--gc-sections -o "SPIswitch.elf"  ./src/helloworld.o ./src/platform.o   -Wl,--start-group,-lxil,-lgcc,-lc,--end-group
'Finished building target: SPIswitch.elf'
' '
'Invoking: MicroBlaze Print Size'
mb-size SPIswitch.elf  |tee "SPIswitch.elf.size"
   text	   data	    bss	    dec	    hex	filename
  10328	    304	   3248	  13880	   3638	SPIswitch.elf
'Finished building: SPIswitch.elf.size'
' '
