20:48:37 **** Build of project SPISwitch_bsp ****
make -k all 
"Running Make include in microblaze_0/libsrc/bram_v4_2/src"
make -C microblaze_0/libsrc/bram_v4_2/src -s include  "SHELL=CMD" "COMPILER=mb-gcc" "ARCHIVER=mb-ar" "COMPILER_FLAGS=  -O2 -c -mcpu=v11.0 -mlittle-endian -mxl-soft-mul" "EXTRA_COMPILER_FLAGS=-ffunction-sections -fdata-sections -Wall -Wextra"
"Running Make include in microblaze_0/libsrc/cpu_v2_8/src"
make -C microblaze_0/libsrc/cpu_v2_8/src -s include  "SHELL=CMD" "COMPILER=mb-gcc" "ARCHIVER=mb-ar" "COMPILER_FLAGS=  -O2 -c -mcpu=v11.0 -mlittle-endian -mxl-soft-mul" "EXTRA_COMPILER_FLAGS=-ffunction-sections -fdata-sections -Wall -Wextra"
"Running Make include in microblaze_0/libsrc/spi_v4_4/src"
make -C microblaze_0/libsrc/spi_v4_4/src -s include  "SHELL=CMD" "COMPILER=mb-gcc" "ARCHIVER=mb-ar" "COMPILER_FLAGS=  -O2 -c -mcpu=v11.0 -mlittle-endian -mxl-soft-mul" "EXTRA_COMPILER_FLAGS=-ffunction-sections -fdata-sections -Wall -Wextra"
"Running Make include in microblaze_0/libsrc/standalone_v6_8/src"
make -C microblaze_0/libsrc/standalone_v6_8/src -s include  "SHELL=CMD" "COMPILER=mb-gcc" "ARCHIVER=mb-ar" "COMPILER_FLAGS=  -O2 -c -mcpu=v11.0 -mlittle-endian -mxl-soft-mul" "EXTRA_COMPILER_FLAGS=-ffunction-sections -fdata-sections -Wall -Wextra"
"Running Make include in microblaze_0/libsrc/uartlite_v3_2/src"
make -C microblaze_0/libsrc/uartlite_v3_2/src -s include  "SHELL=CMD" "COMPILER=mb-gcc" "ARCHIVER=mb-ar" "COMPILER_FLAGS=  -O2 -c -mcpu=v11.0 -mlittle-endian -mxl-soft-mul" "EXTRA_COMPILER_FLAGS=-ffunction-sections -fdata-sections -Wall -Wextra"
"Running Make libs in microblaze_0/libsrc/bram_v4_2/src"
make -C microblaze_0/libsrc/bram_v4_2/src -s libs  "SHELL=CMD" "COMPILER=mb-gcc" "ARCHIVER=mb-ar" "COMPILER_FLAGS=  -O2 -c -mcpu=v11.0 -mlittle-endian -mxl-soft-mul" "EXTRA_COMPILER_FLAGS=-ffunction-sections -fdata-sections -Wall -Wextra"
"Compiling bram"
mb-ar: creating ../../../lib/libxil.a
"Running Make libs in microblaze_0/libsrc/cpu_v2_8/src"
make -C microblaze_0/libsrc/cpu_v2_8/src -s libs  "SHELL=CMD" "COMPILER=mb-gcc" "ARCHIVER=mb-ar" "COMPILER_FLAGS=  -O2 -c -mcpu=v11.0 -mlittle-endian -mxl-soft-mul" "EXTRA_COMPILER_FLAGS=-ffunction-sections -fdata-sections -Wall -Wextra"
"Compiling cpu"
"Running Make libs in microblaze_0/libsrc/spi_v4_4/src"
make -C microblaze_0/libsrc/spi_v4_4/src -s libs  "SHELL=CMD" "COMPILER=mb-gcc" "ARCHIVER=mb-ar" "COMPILER_FLAGS=  -O2 -c -mcpu=v11.0 -mlittle-endian -mxl-soft-mul" "EXTRA_COMPILER_FLAGS=-ffunction-sections -fdata-sections -Wall -Wextra"
"Compiling spi"
"Running Make libs in microblaze_0/libsrc/standalone_v6_8/src"
make -C microblaze_0/libsrc/standalone_v6_8/src -s libs  "SHELL=CMD" "COMPILER=mb-gcc" "ARCHIVER=mb-ar" "COMPILER_FLAGS=  -O2 -c -mcpu=v11.0 -mlittle-endian -mxl-soft-mul" "EXTRA_COMPILER_FLAGS=-ffunction-sections -fdata-sections -Wall -Wextra"
"Compiling standalone";
microblaze_sleep.c:77:9: note: #pragma message: For the sleep routines, assembly instructions are used
 #pragma message ("For the sleep routines, assembly instructions are used")
         ^~~~~~~
"Running Make libs in microblaze_0/libsrc/uartlite_v3_2/src"
make -C microblaze_0/libsrc/uartlite_v3_2/src -s libs  "SHELL=CMD" "COMPILER=mb-gcc" "ARCHIVER=mb-ar" "COMPILER_FLAGS=  -O2 -c -mcpu=v11.0 -mlittle-endian -mxl-soft-mul" "EXTRA_COMPILER_FLAGS=-ffunction-sections -fdata-sections -Wall -Wextra"
"Compiling uartlite"
'Finished building libraries'
20:48:45 **** Build of configuration Debug for project SPISwitch ****
make all 
'Building file: ../src/helloworld.c'
'Invoking: MicroBlaze gcc compiler'
mb-gcc -Wall -O0 -g3 -c -fmessage-length=0 -MT"src/helloworld.o" -I../../SPISwitch_bsp/microblaze_0/include -mlittle-endian -mcpu=v11.0 -mxl-soft-mul -Wl,--no-relax -ffunction-sections -fdata-sections -MMD -MP -MF"src/helloworld.d" -MT"src/helloworld.o" -o "src/helloworld.o" "../src/helloworld.c"
'Finished building: ../src/helloworld.c'
' '
'Building file: ../src/platform.c'
'Invoking: MicroBlaze gcc compiler'
mb-gcc -Wall -O0 -g3 -c -fmessage-length=0 -MT"src/platform.o" -I../../SPISwitch_bsp/microblaze_0/include -mlittle-endian -mcpu=v11.0 -mxl-soft-mul -Wl,--no-relax -ffunction-sections -fdata-sections -MMD -MP -MF"src/platform.d" -MT"src/platform.o" -o "src/platform.o" "../src/platform.c"
'Finished building: ../src/platform.c'
' '
'Building target: SPISwitch.elf'
'Invoking: MicroBlaze gcc linker'
mb-gcc -Wl,-T -Wl,../src/lscript.ld -L../../SPISwitch_bsp/microblaze_0/lib -mlittle-endian -mcpu=v11.0 -mxl-soft-mul -Wl,--no-relax -Wl,--gc-sections -o "SPISwitch.elf"  ./src/helloworld.o ./src/platform.o   -Wl,--start-group,-lxil,-lgcc,-lc,--end-group
'Finished building target: SPISwitch.elf'
' '
'Invoking: MicroBlaze Print Size'
mb-size SPISwitch.elf  |tee "SPISwitch.elf.size"
   text	   data	    bss	    dec	    hex	filename
   2712	    268	   3108	   6088	   17c8	SPISwitch.elf
'Finished building: SPISwitch.elf.size'
' '
20:48:47 **** Auto Build of configuration Debug for project SPISwitch ****
make all 
make: Nothing to be done for 'all'.
20:49:05 **** Incremental Build of configuration Debug for project SPISwitch ****
make all 
make: Nothing to be done for 'all'.
20:49:35 **** Auto Build of configuration Debug for project SPISwitch ****
make all 
'Building file: ../src/helloworld.c'
'Invoking: MicroBlaze gcc compiler'
mb-gcc -Wall -O0 -g3 -c -fmessage-length=0 -MT"src/helloworld.o" -I../../SPISwitch_bsp/microblaze_0/include -mlittle-endian -mcpu=v11.0 -mxl-soft-mul -Wl,--no-relax -ffunction-sections -fdata-sections -MMD -MP -MF"src/helloworld.d" -MT"src/helloworld.o" -o "src/helloworld.o" "../src/helloworld.c"
../src/helloworld.c: In function 'net100Poll':
../src/helloworld.c:227:15: warning: variable 'NxtPkt' set but not used [-Wunused-but-set-variable]
  unsigned int NxtPkt = 0x3000;
               ^~~~~~
../src/helloworld.c: In function 'net100Init':
../src/helloworld.c:332:5: warning: implicit declaration of function 'net100PHYWrite'; did you mean 'net100Writer'? [-Wimplicit-function-declaration]
     net100PHYWrite(SpiInstancePtr, PHANA, 0x05E1);
     ^~~~~~~~~~~~~~
     net100Writer
../src/helloworld.c:260:6: warning: variable 'Status' set but not used [-Wunused-but-set-variable]
  int Status;
      ^~~~~~
../src/helloworld.c: At top level:
../src/helloworld.c:397:6: warning: conflicting types for 'net100PHYWrite'
 void net100PHYWrite(XSpi *SpiInstancePtr, unsigned char add, unsigned int val) {
      ^~~~~~~~~~~~~~
../src/helloworld.c:332:5: note: previous implicit declaration of 'net100PHYWrite' was here
     net100PHYWrite(SpiInstancePtr, PHANA, 0x05E1);
     ^~~~~~~~~~~~~~
../src/helloworld.c: In function 'receivePkt':
../src/helloworld.c:531:28: warning: passing argument 2 of 'sendPkt' makes pointer from integer without a cast [-Wint-conversion]
    sendPkt(SpiInstancePtr, dataAddr, 28+(6+6+2));
                            ^~~~~~~~
../src/helloworld.c:193:14: note: expected 'unsigned char *' but argument is of type 'unsigned int'
 unsigned int sendPkt(XSpi *SpiInstancePtr,unsigned char *dataAddr, int numbyte);
              ^~~~~~~
../src/helloworld.c: In function 'sendPkt':
../src/helloworld.c:666:44: warning: passing argument 3 of 'net100WriteWord' makes integer from pointer without a cast [-Wint-conversion]
   net100WriteWord(SpiInstancePtr, WGPRDPT, dataAddr-(6+6+2));//config data addr from rcvBuff
                                            ^~~~~~~~
../src/helloworld.c:392:6: note: expected 'unsigned int' but argument is of type 'unsigned char *'
 void net100WriteWord(XSpi *SpiInstancePtr, unsigned char add, unsigned int word) {
      ^~~~~~~~~~~~~~~
../src/helloworld.c:669:15: warning: comparison between pointer and integer
  } while(valW != dataAddr-(6+6+2));
               ^~
../src/helloworld.c:733:1: warning: control reaches end of non-void function [-Wreturn-type]
 }
 ^
../src/helloworld.c: In function 'receivePkt':
../src/helloworld.c:598:11: warning: 'ipProto' may be used uninitialized in this function [-Wmaybe-uninitialized]
           xil_printf("Unkown Eth Protocol: %d\r\n", ipProto);
           ^~~~~~~~~~~~~~~~~~~~~~~~~~~~~~~~~~~~~~~~~~~~~~~~~~
'Finished building: ../src/helloworld.c'
' '
'Building target: SPISwitch.elf'
'Invoking: MicroBlaze gcc linker'
mb-gcc -Wl,-T -Wl,../src/lscript.ld -L../../SPISwitch_bsp/microblaze_0/lib -mlittle-endian -mcpu=v11.0 -mxl-soft-mul -Wl,--no-relax -Wl,--gc-sections -o "SPISwitch.elf"  ./src/helloworld.o ./src/platform.o   -Wl,--start-group,-lxil,-lgcc,-lc,--end-group
'Finished building target: SPISwitch.elf'
' '
'Invoking: MicroBlaze Print Size'
mb-size SPISwitch.elf  |tee "SPISwitch.elf.size"
   text	   data	    bss	    dec	    hex	filename
  19364	    332	   3216	  22912	   5980	SPISwitch.elf
'Finished building: SPISwitch.elf.size'
' '
20:51:09 **** Auto Build of configuration Debug for project SPISwitch ****
make all 
'Building file: ../src/helloworld.c'
'Invoking: MicroBlaze gcc compiler'
mb-gcc -Wall -O0 -g3 -c -fmessage-length=0 -MT"src/helloworld.o" -I../../SPISwitch_bsp/microblaze_0/include -mlittle-endian -mcpu=v11.0 -mxl-soft-mul -Wl,--no-relax -ffunction-sections -fdata-sections -MMD -MP -MF"src/helloworld.d" -MT"src/helloworld.o" -o "src/helloworld.o" "../src/helloworld.c"
../src/helloworld.c: In function 'main':
../src/helloworld.c:206:14: warning: unused variable 'SpiInstance0' [-Wunused-variable]
  static XSpi SpiInstance0;   /* The instance of the SPI device */
              ^~~~~~~~~~~~
../src/helloworld.c: In function 'net100Poll':
../src/helloworld.c:229:15: warning: variable 'NxtPkt' set but not used [-Wunused-but-set-variable]
  unsigned int NxtPkt = 0x3000;
               ^~~~~~
../src/helloworld.c: In function 'net100Init':
../src/helloworld.c:334:5: warning: implicit declaration of function 'net100PHYWrite'; did you mean 'net100Writer'? [-Wimplicit-function-declaration]
     net100PHYWrite(SpiInstancePtr, PHANA, 0x05E1);
     ^~~~~~~~~~~~~~
     net100Writer
../src/helloworld.c:262:6: warning: variable 'Status' set but not used [-Wunused-but-set-variable]
  int Status;
      ^~~~~~
../src/helloworld.c: At top level:
../src/helloworld.c:399:6: warning: conflicting types for 'net100PHYWrite'
 void net100PHYWrite(XSpi *SpiInstancePtr, unsigned char add, unsigned int val) {
      ^~~~~~~~~~~~~~
../src/helloworld.c:334:5: note: previous implicit declaration of 'net100PHYWrite' was here
     net100PHYWrite(SpiInstancePtr, PHANA, 0x05E1);
     ^~~~~~~~~~~~~~
../src/helloworld.c: In function 'receivePkt':
../src/helloworld.c:533:28: warning: passing argument 2 of 'sendPkt' makes pointer from integer without a cast [-Wint-conversion]
    sendPkt(SpiInstancePtr, dataAddr, 28+(6+6+2));
                            ^~~~~~~~
../src/helloworld.c:194:14: note: expected 'unsigned char *' but argument is of type 'unsigned int'
 unsigned int sendPkt(XSpi *SpiInstancePtr,unsigned char *dataAddr, int numbyte);
              ^~~~~~~
../src/helloworld.c: In function 'sendPkt':
../src/helloworld.c:668:44: warning: passing argument 3 of 'net100WriteWord' makes integer from pointer without a cast [-Wint-conversion]
   net100WriteWord(SpiInstancePtr, WGPRDPT, dataAddr-(6+6+2));//config data addr from rcvBuff
                                            ^~~~~~~~
../src/helloworld.c:394:6: note: expected 'unsigned int' but argument is of type 'unsigned char *'
 void net100WriteWord(XSpi *SpiInstancePtr, unsigned char add, unsigned int word) {
      ^~~~~~~~~~~~~~~
../src/helloworld.c:671:15: warning: comparison between pointer and integer
  } while(valW != dataAddr-(6+6+2));
               ^~
../src/helloworld.c:735:1: warning: control reaches end of non-void function [-Wreturn-type]
 }
 ^
At top level:
../src/helloworld.c:206:14: warning: 'SpiInstance0' defined but not used [-Wunused-variable]
  static XSpi SpiInstance0;   /* The instance of the SPI device */
              ^~~~~~~~~~~~
../src/helloworld.c: In function 'receivePkt':
../src/helloworld.c:600:11: warning: 'ipProto' may be used uninitialized in this function [-Wmaybe-uninitialized]
           xil_printf("Unkown Eth Protocol: %d\r\n", ipProto);
           ^~~~~~~~~~~~~~~~~~~~~~~~~~~~~~~~~~~~~~~~~~~~~~~~~~
'Finished building: ../src/helloworld.c'
' '
'Building target: SPISwitch.elf'
'Invoking: MicroBlaze gcc linker'
mb-gcc -Wl,-T -Wl,../src/lscript.ld -L../../SPISwitch_bsp/microblaze_0/lib -mlittle-endian -mcpu=v11.0 -mxl-soft-mul -Wl,--no-relax -Wl,--gc-sections -o "SPISwitch.elf"  ./src/helloworld.o ./src/platform.o   -Wl,--start-group,-lxil,-lgcc,-lc,--end-group
'Finished building target: SPISwitch.elf'
' '
'Invoking: MicroBlaze Print Size'
mb-size SPISwitch.elf  |tee "SPISwitch.elf.size"
   text	   data	    bss	    dec	    hex	filename
  19364	    332	   3216	  22912	   5980	SPISwitch.elf
'Finished building: SPISwitch.elf.size'
' '
20:51:36 **** Incremental Build of configuration Debug for project SPISwitch ****
make all 
make: Nothing to be done for 'all'.
